The Bell of Goblinopolis — shard 1/2: 75 of 150 builds x 25 games x 48 cells = 90,000 games
content 27ed87f893fe

  e1 easy       mean  90%  median  92%  walls 0%  
  e1 medium     mean  67%  median  72%  walls 4%  
  e1 hard       mean  47%  median  48%  walls 7%  
  e1 nightmare  mean  31%  median  28%  walls 12%  
  e2 easy       mean  86%  median  88%  walls 0%  
  e2 medium     mean  79%  median  80%  walls 1%  
  e2 hard       mean  81%  median  84%  walls 0%  ⚠
  e2 nightmare  mean  56%  median  56%  walls 1%  
  e3 easy       mean  80%  median  88%  walls 5%  
  e3 medium     mean  63%  median  64%  walls 11%  
  e3 hard       mean  50%  median  48%  walls 1%  
  e3 nightmare  mean  23%  median  16%  walls 24%  
  e4 easy       mean  92%  median 100%  walls 3%  ⚠
  e4 medium     mean  87%  median  92%  walls 1%  ⚠
  e4 hard       mean  45%  median  44%  walls 11%  
  e4 nightmare  mean  28%  median  24%  walls 16%  
  e5 easy       mean  80%  median  88%  walls 7%  
  e5 medium     mean  73%  median  80%  walls 5%  
  e5 hard       mean  52%  median  52%  walls 8%  
  e5 nightmare  mean  29%  median  20%  walls 25%  
  e6 easy       mean  91%  median  96%  walls 0%  ⚠
  e6 medium     mean  77%  median  84%  walls 5%  ⚠
  e6 hard       mean  62%  median  64%  walls 0%  
  e6 nightmare  mean  50%  median  44%  walls 4%  
  e7 easy       mean 100%  median 100%  walls 0%  ⚠
  e7 medium     mean  69%  median  72%  walls 3%  
  e7 hard       mean  62%  median  64%  walls 1%  
  e7 nightmare  mean  33%  median  28%  walls 5%  
  e8 easy       mean  98%  median 100%  walls 0%  ⚠
  e8 medium     mean  75%  median  76%  walls 0%  
  e8 hard       mean  36%  median  36%  walls 9%  
  e8 nightmare  mean  28%  median  24%  walls 8%  
  e9 easy       mean  93%  median 100%  walls 1%  ⚠
  e9 medium     mean  71%  median  84%  walls 9%  ⚠
  e9 hard       mean  57%  median  60%  walls 13%  
  e9 nightmare  mean  18%  median   4%  walls 57%  ⚠
  e10 easy       mean  79%  median  96%  walls 9%  ⚠
  e10 medium     mean  70%  median  80%  walls 11%  
  e10 hard       mean  43%  median  40%  walls 17%  
  e10 nightmare  mean  35%  median  28%  walls 19%  
  e11 easy       mean  96%  median 100%  walls 0%  ⚠
  e11 medium     mean  88%  median  96%  walls 1%  ⚠
  e11 hard       mean  62%  median  68%  walls 4%  ⚠
  e11 nightmare  mean  65%  median  68%  walls 1%  ⚠
  e12 easy       mean  97%  median 100%  walls 0%  ⚠
  e12 medium     mean  84%  median  96%  walls 1%  ⚠
  e12 hard       mean  59%  median  60%  walls 7%  
  e12 nightmare  mean  42%  median  32%  walls 20%  

shard done in 77.2 min

SHARD 1/2 (partial — merge with the other shard for the real verdict)

enc  lvl difficulty  builds  median   solve%  need   ceil  walled  verdict
e1   L1  easy           75   92%    91%>=80%   65%  <=100%    0%  OK  [early]
e1   L1  medium         75   72%    56%>=65%   50%  <= 90%    4%  OK  [early]
e1   L1  hard           75   48%    53%>=45%   35%  <= 80%    7%  OK  [early]
e1   L1  nightmare      75   28%    32%>=40%   20%  <= 60%   12%  OK  [early]
e2   L2  easy           75   88%    75%>=80%   65%  <=100%    0%  OK  [early]
e2   L2  medium         75   80%    80%>=65%   50%  <= 90%    1%  OK  [early]
e2   L2  hard           75   84%    96%>=45%   35%  <= 80%    0%  ⚠ TOO EASY  [early]
e2   L2  nightmare      75   56%    77%>=40%   20%  <= 60%    1%  OK  [early]
e3   L3  easy           75   88%    65%>=80%   50%  <= 95%    5%  OK
e3   L3  medium         75   64%    48%>=65%   35%  <= 80%   11%  OK
e3   L3  hard           75   48%    51%>=45%   20%  <= 65%    1%  OK
e3   L3  nightmare      75   16%    23%>=40%   10%  <= 45%   24%  OK
e4   L4  easy           75  100%    87%>=80%   50%  <= 95%    3%  ⚠ TOO EASY
e4   L4  medium         75   92%    91%>=65%   35%  <= 80%    1%  ⚠ TOO EASY
e4   L4  hard           75   44%    45%>=45%   20%  <= 65%   11%  OK
e4   L4  nightmare      75   24%    28%>=40%   10%  <= 45%   16%  OK
e5   L5  easy           75   88%    65%>=80%   50%  <= 95%    7%  OK
e5   L5  medium         75   80%    67%>=65%   35%  <= 80%    5%  OK
e5   L5  hard           75   52%    55%>=45%   20%  <= 65%    8%  OK
e5   L5  nightmare      75   20%    36%>=40%   10%  <= 45%   25%  OK
e6   L5  easy           75   96%    85%>=80%   50%  <= 95%    0%  ⚠ TOO EASY
e6   L5  medium         75   84%    72%>=65%   35%  <= 80%    5%  ⚠ TOO EASY
e6   L5  hard           75   64%    68%>=45%   20%  <= 65%    0%  OK
e6   L5  nightmare      75   44%    57%>=40%   10%  <= 45%    4%  OK
e7   L6  easy           75  100%   100%>=80%   50%  <= 95%    0%  ⚠ TOO EASY
e7   L6  medium         75   72%    63%>=65%   35%  <= 80%    3%  OK
e7   L6  hard           75   64%    75%>=45%   20%  <= 65%    1%  OK
e7   L6  nightmare      75   28%    37%>=40%   10%  <= 45%    5%  OK
e8   L7  easy           75  100%    97%>=80%   50%  <= 95%    0%  ⚠ TOO EASY
e8   L7  medium         75   76%    69%>=65%   35%  <= 80%    0%  OK
e8   L7  hard           75   36%    35%>=45%   20%  <= 65%    9%  OK
e8   L7  nightmare      75   24%    25%>=40%   10%  <= 45%    8%  OK
e9   L8  easy           75  100%    88%>=80%   50%  <= 95%    1%  ⚠ TOO EASY
e9   L8  medium         75   84%    63%>=65%   35%  <= 80%    9%  ⚠ TOO EASY
e9   L8  hard           75   60%    59%>=45%   20%  <= 65%   13%  OK
e9   L8  nightmare      75    4%    21%>=40%   10%  <= 45%   57%  ⚠ WALLS
       └ walled   0%  sorcerer(ignite/opportunist/armor) + rogue(expose/swift/movement) + cleric(heal/warded/movement) + ranger(longshot/stalwart/armor) [sparkyard_plate]
       └ walled   0%  warlock(grasp/opportunist/armor) + cleric(ward/undying/movement) + sorcerer(ignite/stalwart/damage) + rogue(dagger_toss/vengeful/movement) [ledger_boots]
       └ walled   4%  ranger(piercing/stalwart/damage) + fighter(concussive/thorns/armor) + wizard(freeze/stalwart/damage) + cleric(purify/stalwart/armor) [ledger_boots]
e10  L9  easy           75   96%    64%>=80%   50%  <= 95%    9%  ⚠ TOO EASY  ⚠ bimodal
e10  L9  medium         75   80%    64%>=65%   35%  <= 80%   11%  OK
e10  L9  hard           75   40%    44%>=45%   20%  <= 65%   17%  OK
e10  L9  nightmare      75   28%    39%>=40%   10%  <= 45%   19%  OK
e11  L10 easy           75  100%    97%>=80%   50%  <= 95%    0%  ⚠ TOO EASY
e11  L10 medium         75   96%    95%>=65%   35%  <= 80%    1%  ⚠ TOO EASY
e11  L10 hard           75   68%    68%>=45%   20%  <= 65%    4%  ⚠ TOO EASY
e11  L10 nightmare      75   68%    83%>=40%   10%  <= 45%    1%  ⚠ TOO EASY
e12  L10 easy           75  100%    96%>=80%   50%  <= 95%    0%  ⚠ TOO EASY
e12  L10 medium         75   96%    75%>=65%   35%  <= 80%    1%  ⚠ TOO EASY
e12  L10 hard           75   60%    60%>=45%   20%  <= 65%    7%  OK
e12  L10 nightmare      75   32%    44%>=40%   10%  <= 45%   20%  OK

⚠ 17 cell(s) failing: e2/hard(TOO EASY), e4/easy(TOO EASY), e4/medium(TOO EASY), e6/easy(TOO EASY), e6/medium(TOO EASY), e7/easy(TOO EASY), e8/easy(TOO EASY), e9/easy(TOO EASY), e9/medium(TOO EASY), e9/nightmare(WALLS), e10/easy(TOO EASY), e11/easy(TOO EASY), e11/medium(TOO EASY), e11/hard(TOO EASY), e11/nightmare(TOO EASY), e12/easy(TOO EASY), e12/medium(TOO EASY)

JSON written: balance_runs/gob_C1_s0.json
