Campaign: The Bell of Goblinopolis — 60 games/cell

enc  lvl  difficulty  party     winrate  band        avg-turns   margin
e1   L1   medium     melee       8%    [ 65%, 80%] ⚠  33   margin  11% HP · 1.4/4 alive
       └ L:Your party has fallen×55  W:Every enemy has fallen×5
e1   L1   medium     ranged      2%    [ 65%, 80%] ⚠  28   margin  29% HP · 2.0/4 alive
       └ L:Your party has fallen×59  W:Every enemy has fallen×1
e1   L1   medium     balanced    8%    [ 65%, 80%] ⚠  33   margin  23% HP · 2.0/4 alive
       └ L:Your party has fallen×55  W:Every enemy has fallen×5
     mean   6%  [ 65%, 80%] ⚠  ⚠ WALL below floor( 35%): melee,ranged,balanced

e2   L2   medium     melee      93%    [ 65%, 80%] ⚠  34   margin  40% HP · 3.3/4 alive
       └ W:The escort made it through×56  L:Your party has fallen×4
e2   L2   medium     ranged     70%    [ 65%, 80%]    29   margin  38% HP · 2.3/4 alive
e2   L2   medium     balanced   85%    [ 65%, 80%] ⚠  33   margin  38% HP · 2.6/4 alive
       └ W:The escort made it through×51  L:Your party has fallen×7  L:Your charge has fallen×2
     mean  83%  [ 65%, 80%] ⚠

e3   L3   medium     melee      95%    [ 65%, 80%] ⚠  39   margin  40% HP · 2.7/4 alive
       └ W:Every enemy has fallen×57  L:Your party has fallen×3
e3   L3   medium     ranged     88%    [ 65%, 80%] ⚠  29   margin  28% HP · 2.1/4 alive
       └ W:Every enemy has fallen×53  L:Your party has fallen×7
e3   L3   medium     balanced   67%    [ 65%, 80%]    44   margin  29% HP · 2.2/4 alive
     mean  83%  [ 65%, 80%] ⚠

e4   L4   medium     melee      45%    [ 65%, 80%] ⚠  61   margin  18% HP · 1.7/4 alive
       └ L:Your party has fallen×33  W:Every enemy has fallen×27
e4   L4   medium     ranged     98%    [ 65%, 80%] ⚠  52   margin  32% HP · 2.4/4 alive
       └ W:Every enemy has fallen×59  L:Your party has fallen×1
e4   L4   medium     balanced   92%    [ 65%, 80%] ⚠  57   margin  39% HP · 2.6/4 alive
       └ W:Every enemy has fallen×55  L:Your party has fallen×5
     mean  78%  [ 65%, 80%] ✓

e5   L5   medium     melee      53%    [ 65%, 80%] ⚠  39   margin  23% HP · 1.8/4 alive
       └ W:Every enemy has fallen×32  L:Your party has fallen×28
e5   L5   medium     ranged     80%    [ 65%, 80%]    33   margin  23% HP · 1.7/4 alive
e5   L5   medium     balanced   72%    [ 65%, 80%]    43   margin  24% HP · 2.3/4 alive
     mean  68%  [ 65%, 80%] ✓

e6   L5   medium     melee      37%    [ 65%, 80%] ⚠  43   margin  51% HP · 3.2/4 alive
       └ L:The deadline passed×37  W:Every enemy has fallen×22  L:Your party has fallen×1
e6   L5   medium     ranged     92%    [ 65%, 80%] ⚠  31   margin  42% HP · 2.7/4 alive
       └ W:Every enemy has fallen×55  L:The deadline passed×3  L:Your party has fallen×2
e6   L5   medium     balanced   48%    [ 65%, 80%] ⚠  41   margin  59% HP · 3.4/4 alive
       └ L:The deadline passed×31  W:Every enemy has fallen×29
     mean  59%  [ 65%, 80%] ⚠

e7   L6   medium     melee      33%    [ 65%, 80%] ⚠  40   margin  10% HP · 1.2/4 alive
       └ L:Your party has fallen×40  W:You survived 6 rounds×20
e7   L6   medium     ranged     68%    [ 65%, 80%]    35   margin  17% HP · 1.8/4 alive
e7   L6   medium     balanced   78%    [ 65%, 80%]    43   margin  11% HP · 1.5/4 alive
     mean  60%  [ 65%, 80%] ⚠  ⚠ WALL below floor( 35%): melee

e8   L7   medium     melee      95%    [ 65%, 80%] ⚠  52   margin  20% HP · 2.0/4 alive
       └ W:You survived 7 rounds×57  L:Your party has fallen×3
e8   L7   medium     ranged     85%    [ 65%, 80%] ⚠  40   margin  21% HP · 1.9/4 alive
       └ W:You survived 7 rounds×50  L:Your party has fallen×9  W:Every enemy has fallen×1
e8   L7   medium     balanced   78%    [ 65%, 80%]    54   margin  11% HP · 1.5/4 alive
     mean  86%  [ 65%, 80%] ⚠

e9   L8   medium     melee      65%    [ 65%, 80%]    59   margin  23% HP · 1.8/4 alive
e9   L8   medium     ranged    100%    [ 65%, 80%] ⚠  37   margin  47% HP · 2.4/4 alive
       └ W:The target is destroyed×60
e9   L8   medium     balanced   62%    [ 65%, 80%] ⚠  47   margin  38% HP · 2.3/4 alive
       └ W:The target is destroyed×37  L:Your party has fallen×23
     mean  76%  [ 65%, 80%] ✓

e10  L9   medium     melee      52%    [ 65%, 80%] ⚠  51   margin  48% HP · 4.9/4 alive
       └ L:Your charge has fallen×29  W:Every enemy has fallen×24  W:You survived 7 rounds×7
e10  L9   medium     ranged     25%    [ 65%, 80%] ⚠  44   margin  35% HP · 4.7/4 alive
       └ L:Your charge has fallen×45  W:Every enemy has fallen×11  W:You survived 7 rounds×4
e10  L9   medium     balanced   53%    [ 65%, 80%] ⚠  48   margin  46% HP · 4.7/4 alive
       └ L:Your charge has fallen×28  W:Every enemy has fallen×24  W:You survived 7 rounds×8
     mean  43%  [ 65%, 80%] ⚠  ⚠ WALL below floor( 35%): ranged

e11  L10   medium     melee     100%    [ 65%, 80%] ⚠  35   margin  55% HP · 2.8/4 alive
       └ W:The whole party escaped×60
e11  L10   medium     ranged     32%    [ 65%, 80%] ⚠  43   margin   9% HP · 1.3/4 alive
       └ L:Your party has fallen×41  W:The whole party escaped×19
e11  L10   medium     balanced   72%    [ 65%, 80%]    51   margin  31% HP · 1.7/4 alive
     mean  68%  [ 65%, 80%] ✓  ⚠ WALL below floor( 35%): ranged

e12  L10   medium     melee      68%    [ 65%, 80%]    42   margin  62% HP · 3.3/4 alive
e12  L10   medium     ranged    100%    [ 65%, 80%] ⚠  21   margin  60% HP · 3.9/4 alive
       └ W:You reached the goal×51  W:Every enemy has fallen×9
e12  L10   medium     balanced   23%    [ 65%, 80%] ⚠  51   margin  52% HP · 3.0/4 alive
       └ L:The deadline passed×38  W:You reached the goal×13  L:Your party has fallen×8
     mean  64%  [ 65%, 80%] ⚠  ⚠ WALL below floor( 35%): balanced

RESULT: FAIL
  Cells needing tuning (mean in band AND floors held):
    e1/medium: mean   6% out of band, WALL for: melee,ranged,balanced
    e2/medium: mean  83% out of band
    e3/medium: mean  83% out of band
    e6/medium: mean  59% out of band
    e7/medium: mean  60% out of band, WALL for: melee
    e8/medium: mean  86% out of band
    e10/medium: mean  43% out of band, WALL for: ranged
    e11/medium: mean  68%, WALL for: ranged
    e12/medium: mean  64% out of band, WALL for: balanced
  → Pick the lever by WHICH number is wrong: mean → hpScaleOverride (campaignTune.ts); spread/floor → placement (spreadSweep.ts). See CAMPAIGN_BALANCING.md.
