goblinopolis e1 — enemy start-distance sweep, 60 games/party
player centroid (2,4); + = enemies start CLOSER

offset  diff     mean   melee  ranged  bal    spread  flags
-2      medium    69%   43%   70%    93%   50pts   
-2      hard      63%   43%   63%    83%   40pts   
        (mean manhattan gap 5.7; placement 7,3 7,5 7,4)

-1      medium    69%   43%   70%    93%   50pts   
-1      hard      63%   43%   63%    83%   40pts   
        (mean manhattan gap 5.7; placement 7,3 7,5 7,4)

0       medium    57%   93%   23%    55%   70pts   floor:r oob
0       hard      50%   78%   22%    50%   57pts   
        (mean manhattan gap 5.0; placement 6,3 6,5 7,4)

+1      medium    73%   95%   62%    62%   33pts   
+1      hard      72%   82%   63%    72%   18pts    oob
        (mean manhattan gap 4.0; placement 5,4 6,5 6,4)

+2      medium    68%   95%   35%    75%   60pts   floor:r
+2      hard      66%   95%   33%    68%   62pts    oob
        (mean manhattan gap 3.0; placement 4,4 5,4 6,4)

+3      medium    67%   98%   45%    58%   53pts   
+3      hard      69%   90%   43%    73%   47pts    oob
        (mean manhattan gap 2.0; placement 3,5 3,3 4,4)

