Campaign: The Bell of Goblinopolis — 60 games/cell

enc  lvl  difficulty  party     winrate  band        avg-turns   margin
e1   L1   medium     melee      92%    [ 65%, 80%] ⚠  29   margin  45% HP · 2.9/4 alive
       └ W:Every enemy has fallen×55  L:Your party has fallen×5
e1   L1   medium     ranged     25%    [ 65%, 80%] ⚠  28   margin  20% HP · 1.6/4 alive
       └ L:Your party has fallen×45  W:Every enemy has fallen×15
e1   L1   medium     balanced   95%    [ 65%, 80%] ⚠  33   margin  37% HP · 2.6/4 alive
       └ W:Every enemy has fallen×57  L:Your party has fallen×3
     mean  71%  [ 65%, 80%] ✓  ⚠ WALL below floor( 35%): ranged

e2   L2   medium     melee      98%    [ 65%, 80%] ⚠  32   margin  45% HP · 3.0/4 alive
       └ W:The escort made it through×59  L:Your party has fallen×1
e2   L2   medium     ranged     15%    [ 65%, 80%] ⚠  33   margin  31% HP · 2.0/4 alive
       └ L:Your party has fallen×40  L:Your charge has fallen×11  W:The escort made it through×8
e2   L2   medium     balanced   97%    [ 65%, 80%] ⚠  32   margin  37% HP · 2.8/4 alive
       └ W:The escort made it through×58  L:Your charge has fallen×2
     mean  70%  [ 65%, 80%] ✓  ⚠ WALL below floor( 35%): ranged

e3   L3   medium     melee      92%    [ 65%, 80%] ⚠  41   margin  32% HP · 2.8/4 alive
       └ W:Every enemy has fallen×55  L:Your party has fallen×5
e3   L3   medium     ranged     88%    [ 65%, 80%] ⚠  26   margin  40% HP · 2.2/4 alive
       └ W:Every enemy has fallen×53  L:Your party has fallen×7
e3   L3   medium     balanced   30%    [ 65%, 80%] ⚠  41   margin  27% HP · 2.2/4 alive
       └ L:Your party has fallen×42  W:Every enemy has fallen×18
     mean  70%  [ 65%, 80%] ✓  ⚠ WALL below floor( 35%): balanced

e4   L4   medium     melee      45%    [ 65%, 80%] ⚠  61   margin  18% HP · 1.7/4 alive
       └ L:Your party has fallen×33  W:Every enemy has fallen×27
e4   L4   medium     ranged     98%    [ 65%, 80%] ⚠  52   margin  32% HP · 2.4/4 alive
       └ W:Every enemy has fallen×59  L:Your party has fallen×1
e4   L4   medium     balanced   92%    [ 65%, 80%] ⚠  57   margin  39% HP · 2.6/4 alive
       └ W:Every enemy has fallen×55  L:Your party has fallen×5
     mean  78%  [ 65%, 80%] ✓

e5   L5   medium     melee      53%    [ 65%, 80%] ⚠  39   margin  23% HP · 1.8/4 alive
       └ W:Every enemy has fallen×32  L:Your party has fallen×28
e5   L5   medium     ranged     80%    [ 65%, 80%]    33   margin  23% HP · 1.7/4 alive
e5   L5   medium     balanced   72%    [ 65%, 80%]    43   margin  24% HP · 2.3/4 alive
     mean  68%  [ 65%, 80%] ✓

e6   L5   medium     melee      37%    [ 65%, 80%] ⚠  43   margin  51% HP · 3.2/4 alive
       └ L:The deadline passed×37  W:Every enemy has fallen×22  L:Your party has fallen×1
e6   L5   medium     ranged     92%    [ 65%, 80%] ⚠  31   margin  42% HP · 2.7/4 alive
       └ W:Every enemy has fallen×55  L:The deadline passed×3  L:Your party has fallen×2
e6   L5   medium     balanced   48%    [ 65%, 80%] ⚠  41   margin  59% HP · 3.4/4 alive
       └ L:The deadline passed×31  W:Every enemy has fallen×29
     mean  59%  [ 65%, 80%] ⚠

e7   L6   medium     melee      33%    [ 65%, 80%] ⚠  40   margin  10% HP · 1.2/4 alive
       └ L:Your party has fallen×40  W:You survived 6 rounds×20
e7   L6   medium     ranged     68%    [ 65%, 80%]    35   margin  17% HP · 1.8/4 alive
e7   L6   medium     balanced   78%    [ 65%, 80%]    43   margin  11% HP · 1.5/4 alive
     mean  60%  [ 65%, 80%] ⚠  ⚠ WALL below floor( 35%): melee

e8   L7   medium     melee      93%    [ 65%, 80%] ⚠  52   margin  24% HP · 2.1/4 alive
       └ W:You survived 7 rounds×56  L:Your party has fallen×4
e8   L7   medium     ranged     87%    [ 65%, 80%] ⚠  41   margin  21% HP · 2.0/4 alive
       └ W:You survived 7 rounds×52  L:Your party has fallen×8
e8   L7   medium     balanced   83%    [ 65%, 80%] ⚠  53   margin  12% HP · 1.4/4 alive
       └ W:You survived 7 rounds×50  L:Your party has fallen×10
     mean  88%  [ 65%, 80%] ⚠

e9   L8   medium     melee      73%    [ 65%, 80%]    63   margin  29% HP · 2.0/4 alive
e9   L8   medium     ranged    100%    [ 65%, 80%] ⚠  37   margin  47% HP · 2.4/4 alive
       └ W:The target is destroyed×60
e9   L8   medium     balanced   62%    [ 65%, 80%] ⚠  47   margin  38% HP · 2.3/4 alive
       └ W:The target is destroyed×37  L:Your party has fallen×23
     mean  78%  [ 65%, 80%] ✓

e10  L9   medium     melee      97%    [ 65%, 80%] ⚠  46   margin  22% HP · 2.5/4 alive
       └ W:You survived 7 rounds×44  W:Every enemy has fallen×14  L:Your party has fallen×2
e10  L9   medium     ranged     90%    [ 65%, 80%] ⚠  38   margin  27% HP · 2.4/4 alive
       └ W:Every enemy has fallen×35  W:You survived 7 rounds×19  L:Your party has fallen×6
e10  L9   medium     balanced   83%    [ 65%, 80%] ⚠  47   margin  16% HP · 1.6/4 alive
       └ W:You survived 7 rounds×50  L:Your party has fallen×10
     mean  90%  [ 65%, 80%] ⚠

e11  L10   medium     melee     100%    [ 65%, 80%] ⚠  35   margin  55% HP · 2.8/4 alive
       └ W:The whole party escaped×60
e11  L10   medium     ranged     32%    [ 65%, 80%] ⚠  43   margin   9% HP · 1.3/4 alive
       └ L:Your party has fallen×41  W:The whole party escaped×19
e11  L10   medium     balanced   72%    [ 65%, 80%]    51   margin  31% HP · 1.7/4 alive
     mean  68%  [ 65%, 80%] ✓  ⚠ WALL below floor( 35%): ranged

e12  L10   medium     melee      33%    [ 65%, 80%] ⚠  51   margin  50% HP · 3.0/4 alive
       └ L:The deadline passed×34  W:You reached the goal×18  L:Your party has fallen×6
e12  L10   medium     ranged     97%    [ 65%, 80%] ⚠  24   margin  59% HP · 3.4/4 alive
       └ W:Every enemy has fallen×34  W:You reached the goal×24  L:The deadline passed×2
e12  L10   medium     balanced   18%    [ 65%, 80%] ⚠  55   margin  50% HP · 3.0/4 alive
       └ L:The deadline passed×44  W:You reached the goal×6  L:Your party has fallen×5
     mean  49%  [ 65%, 80%] ⚠  ⚠ WALL below floor( 35%): melee,balanced

RESULT: FAIL
  Cells needing tuning (mean in band AND floors held):
    e1/medium: mean  71%, WALL for: ranged
    e2/medium: mean  70%, WALL for: ranged
    e3/medium: mean  70%, WALL for: balanced
    e6/medium: mean  59% out of band
    e7/medium: mean  60% out of band, WALL for: melee
    e8/medium: mean  88% out of band
    e10/medium: mean  90% out of band
    e11/medium: mean  68%, WALL for: ranged
    e12/medium: mean  49% out of band, WALL for: melee,balanced
  → Pick the lever by WHICH number is wrong: mean → hpScaleOverride (campaignTune.ts); spread/floor → placement (spreadSweep.ts). See CAMPAIGN_BALANCING.md.
