Tuning The Bell of Goblinopolis — 60 games/party/step, 7 steps

e1   easy       1.05 -> 1.20  mean  87% [ 80%, 95%]    m: 97% r: 65% b:100%
e1   medium     1.28 -> 1.28  mean  71% [ 65%, 80%]    m: 92% r: 25% b: 95%  ⚠ below floor: ranged
e1   hard       1.38 -> 1.54  mean  56% [ 45%, 65%]    m: 82% r:  5% b: 82%  ⚠ below floor: ranged
e1   nightmare  1.51 -> 1.76  mean  34% [ 25%, 45%]    m: 58% r:  0% b: 45%

e2   easy       0.95 -> 0.86  mean  85% [ 80%, 95%]    m:100% r: 58% b: 97%  ⚠ below floor: ranged
e2   medium     1.12 -> 1.02  mean  73% [ 65%, 80%]    m: 98% r: 25% b: 97%  ⚠ below floor: ranged
e2   hard       1.12 -> 1.59  mean  55% [ 45%, 65%]    m: 77% r:  7% b: 82%  ⚠ below floor: ranged
e2   nightmare  1.25 -> 1.57  mean  35% [ 25%, 45%]    m: 38% r:  0% b: 67%

e3   easy       0.75 -> 0.65  mean  85% [ 80%, 95%]    m:100% r:100% b: 55%  ⚠ below floor: balanced
e3   medium     0.85 -> 0.84  mean  72% [ 65%, 80%]    m: 90% r: 88% b: 37%  ⚠ below floor: balanced
e3   hard       0.95 -> 0.98  mean  56% [ 45%, 65%]    m: 65% r: 85% b: 18%
e3   nightmare  1.05 -> 0.98  mean  32% [ 25%, 45%]    m: 50% r: 35% b: 10%

e4   easy       0.99 -> 0.82  mean  84% [ 80%, 95%]    m: 52% r:100% b:100%  ⚠ below floor: melee
e4   medium     1.11 -> 1.15  mean  74% [ 65%, 80%]    m: 52% r: 87% b: 85%
e4   hard       1.27 -> 1.31  mean  56% [ 45%, 65%]    m: 23% r: 72% b: 73%
e4   nightmare  1.27 -> 1.33  mean  35% [ 25%, 45%]    m: 10% r: 57% b: 38%

e5   easy       0.98 -> 1.02  mean  87% [ 80%, 95%]    m: 80% r: 98% b: 83%
e5   medium     1.10 -> 1.06  mean  74% [ 65%, 80%]    m: 73% r: 77% b: 73%
e5   hard       1.22 -> 1.20  mean  59% [ 45%, 65%]    m: 42% r: 73% b: 62%
e5   nightmare  1.22 -> 1.13  mean  42% [ 25%, 45%]    m: 18% r: 87% b: 20%

e6   easy       0.80 -> 0.78  mean  87% [ 80%, 95%]    m: 70% r:100% b: 90%
e6   medium     0.86 -> 0.84  mean  71% [ 65%, 80%]    m: 50% r:100% b: 63%
e6   hard       0.92 -> 0.95  mean  52% [ 45%, 65%]    m: 30% r: 83% b: 43%
e6   nightmare  1.00 -> 0.89  mean  34% [ 25%, 45%]    m: 23% r: 72% b:  8%

e7   easy       0.90 -> 1.88  mean  87% [ 80%, 95%]    m: 75% r: 85% b:100%
e7   medium     1.05 -> 0.84  mean  73% [ 65%, 80%]    m: 58% r: 93% b: 68%
e7   hard       1.05 -> 0.98  mean  56% [ 45%, 65%]    m: 32% r: 63% b: 72%
e7   nightmare  1.10 -> 1.02  mean  36% [ 25%, 45%]    m: 10% r: 45% b: 52%

e8   easy       0.85 -> 0.89  mean  90% [ 80%, 95%]    m: 82% r: 93% b: 95%
e8   medium     0.97 -> 1.06  mean  73% [ 65%, 80%]    m: 97% r: 50% b: 72%
e8   hard       0.97 -> 0.87  mean  41% [ 45%, 65%] ⚠  m: 33% r: 45% b: 45%
e8   nightmare  1.05 -> 0.91  mean  37% [ 25%, 45%]    m: 40% r: 42% b: 30%

e9   easy       0.93 -> 1.09  mean  89% [ 80%, 95%]    m: 82% r:100% b: 85%
e9   medium     1.21 -> 1.26  mean  75% [ 65%, 80%]    m: 67% r: 97% b: 62%
e9   hard       1.33 -> 1.46  mean  56% [ 45%, 65%]    m: 15% r: 95% b: 57%
e9   nightmare  1.40 -> 1.50  mean  29% [ 25%, 45%]    m:  0% r: 78% b: 10%

e10  easy       0.85 -> 0.98  mean  91% [ 80%, 95%]    m: 92% r: 92% b: 90%
e10  medium     0.97 -> 1.17  mean  72% [ 65%, 80%]    m: 78% r: 67% b: 72%
e10  hard       0.97 -> 0.97  mean  56% [ 45%, 65%]    m: 70% r: 50% b: 47%
e10  nightmare  1.05 -> 1.08  mean  35% [ 25%, 45%]    m: 47% r: 10% b: 48%

e11  easy       0.85 -> 0.73  mean  88% [ 80%, 95%]    m:100% r: 98% b: 65%
e11  medium     1.05 -> 1.13  mean  71% [ 65%, 80%]    m: 98% r: 30% b: 85%  ⚠ below floor: ranged
e11  hard       1.30 -> 1.43  mean  56% [ 45%, 65%]    m: 93% r:  0% b: 73%  ⚠ below floor: ranged
e11  nightmare  1.55 -> 1.43  mean  58% [ 25%, 45%] ⚠  m:100% r:  3% b: 72%

e12  easy       0.85 -> 0.76  mean  89% [ 80%, 95%]    m:100% r:100% b: 68%
e12  medium     0.95 -> 0.84  mean  64% [ 65%, 80%] ⚠  m: 48% r:100% b: 43%
e12  hard       1.05 -> 0.78  mean  56% [ 45%, 65%]    m: 52% r: 90% b: 27%
e12  nightmare  1.15 -> 0.78  mean  32% [ 25%, 45%]    m: 27% r: 47% b: 23%


─── paste-ready hpScaleOverride blocks ───
e1:  hpScaleOverride: { easy: 1.20, medium: 1.28, hard: 1.54, nightmare: 1.76 },
e2:  hpScaleOverride: { easy: 0.86, medium: 1.02, hard: 1.59, nightmare: 1.57 },
e3:  hpScaleOverride: { easy: 0.65, medium: 0.84, hard: 0.98, nightmare: 0.98 },
e4:  hpScaleOverride: { easy: 0.82, medium: 1.15, hard: 1.31, nightmare: 1.33 },
e5:  hpScaleOverride: { easy: 1.02, medium: 1.06, hard: 1.20, nightmare: 1.13 },
e6:  hpScaleOverride: { easy: 0.78, medium: 0.84, hard: 0.95, nightmare: 0.89 },
e7:  hpScaleOverride: { easy: 1.88, medium: 0.84, hard: 0.98, nightmare: 1.02 },
e8:  hpScaleOverride: { easy: 0.89, medium: 1.06, hard: 0.87, nightmare: 0.91 },
e9:  hpScaleOverride: { easy: 1.09, medium: 1.26, hard: 1.46, nightmare: 1.50 },
e10:  hpScaleOverride: { easy: 0.98, medium: 1.17, hard: 0.97, nightmare: 1.08 },
e11:  hpScaleOverride: { easy: 0.73, medium: 1.13, hard: 1.43, nightmare: 1.43 },
e12:  hpScaleOverride: { easy: 0.76, medium: 0.84, hard: 0.78, nightmare: 0.78 },
