Tuning The Bell of Goblinopolis — 60 games/party/step, 7 steps

e1   easy       0.90 -> 0.95  mean  88% [ 80%, 95%]    m: 72% r: 95% b: 97%
e1   medium     1.00 -> 1.09  mean  72% [ 65%, 80%]    m: 80% r: 62% b: 75%
e1   hard       1.10 -> 1.24  mean  54% [ 45%, 65%]    m: 53% r: 37% b: 73%
e1   nightmare  1.20 -> 1.28  mean  31% [ 25%, 45%]    m: 32% r: 32% b: 30%

e2   easy       0.95 -> 0.86  mean  85% [ 80%, 95%]    m:100% r: 70% b: 85%
e2   medium     1.12 -> 1.50  mean  77% [ 65%, 80%]    m: 95% r: 60% b: 77%
e2   hard       1.12 -> 1.96  mean  54% [ 45%, 65%]    m: 77% r: 18% b: 68%
e2   nightmare  1.25 -> 2.31  mean  39% [ 25%, 45%]    m: 75% r:  5% b: 38%

e3   easy       0.85 -> 0.91  mean  90% [ 80%, 95%]    m: 90% r: 93% b: 87%
e3   medium     0.95 -> 0.95  mean  76% [ 65%, 80%]    m: 90% r: 78% b: 58%
e3   hard       1.05 -> 1.06  mean  57% [ 45%, 65%]    m: 78% r: 35% b: 57%
e3   nightmare  1.15 -> 1.04  mean  35% [ 25%, 45%]    m: 53% r: 28% b: 23%

e4   easy       0.99 -> 0.76  mean  92% [ 80%, 95%]    m: 77% r:100% b: 98%
e4   medium     1.11 -> 0.84  mean  72% [ 65%, 80%]    m: 18% r: 98% b:100%  ⚠ below floor: melee
e4   hard       1.27 -> 1.15  mean  58% [ 45%, 65%]    m: 15% r: 63% b: 97%
e4   nightmare  1.27 -> 1.19  mean  39% [ 25%, 45%]    m:  8% r: 40% b: 68%

e5   easy       0.98 -> 0.98  mean  88% [ 80%, 95%]    m: 78% r:100% b: 85%
e5   medium     1.10 -> 1.08  mean  76% [ 65%, 80%]    m: 75% r: 85% b: 67%
e5   hard       1.22 -> 1.20  mean  57% [ 45%, 65%]    m: 38% r: 70% b: 62%
e5   nightmare  1.22 -> 1.13  mean  34% [ 25%, 45%]    m: 20% r: 65% b: 17%

e6   easy       0.80 -> 0.82  mean  85% [ 80%, 95%]    m: 77% r: 80% b: 98%
e6   medium     0.86 -> 0.84  mean  71% [ 65%, 80%]    m: 60% r: 67% b: 85%
e6   hard       0.92 -> 0.86  mean  53% [ 45%, 65%]    m: 33% r: 95% b: 30%
e6   nightmare  1.00 -> 0.82  mean  35% [ 25%, 45%]    m:  8% r: 83% b: 13%

e7   easy       0.65 -> 2.31  mean  89% [ 80%, 95%]    m: 88% r: 90% b: 90%
e7   medium     0.72 -> 0.84  mean  59% [ 65%, 80%] ⚠  m: 73% r: 82% b: 23%  ⚠ below floor: balanced
e7   hard       0.90 -> 0.71  mean  47% [ 45%, 65%]    m: 25% r: 72% b: 45%
e7   nightmare  1.00 -> 0.62  mean  39% [ 25%, 45%]    m: 30% r: 45% b: 42%

e8   easy       0.85 -> 0.82  mean  87% [ 80%, 95%]    m: 68% r: 93% b: 98%
e8   medium     0.95 -> 0.95  mean  75% [ 65%, 80%]    m: 68% r: 70% b: 87%
e8   hard       1.00 -> 0.67  mean  58% [ 45%, 65%]    m: 30% r: 97% b: 47%
e8   nightmare  1.05 -> 0.69  mean  36% [ 25%, 45%]    m: 13% r: 42% b: 52%

e9   easy       0.93 -> 1.04  mean  89% [ 80%, 95%]    m: 93% r:100% b: 73%
e9   medium     1.21 -> 1.30  mean  73% [ 65%, 80%]    m: 80% r: 98% b: 42%
e9   hard       1.33 -> 1.43  mean  59% [ 45%, 65%]    m: 50% r:100% b: 28%
e9   nightmare  1.40 -> 1.57  mean  35% [ 25%, 45%]    m:  5% r:100% b:  0%

e10  easy       0.85 -> 0.87  mean  87% [ 80%, 95%]    m: 87% r: 90% b: 85%
e10  medium     0.95 -> 0.95  mean  74% [ 65%, 80%]    m: 82% r: 57% b: 85%
e10  hard       1.00 -> 0.86  mean  48% [ 45%, 65%]    m: 52% r: 48% b: 45%
e10  nightmare  1.05 -> 0.89  mean  41% [ 25%, 45%]    m: 43% r: 48% b: 30%

e11  easy       0.85 -> 0.98  mean  87% [ 80%, 95%]    m: 97% r:100% b: 65%
e11  medium     1.05 -> 1.43  mean  74% [ 65%, 80%]    m: 75% r:100% b: 47%
e11  hard       1.30 -> 1.43  mean  71% [ 45%, 65%] ⚠  m: 73% r: 93% b: 47%
e11  nightmare  1.55 -> 1.43  mean  71% [ 25%, 45%] ⚠  m: 85% r: 98% b: 30%

e12  easy       0.85 -> 0.87  mean  91% [ 80%, 95%]    m: 88% r: 97% b: 87%
e12  medium     0.95 -> 0.98  mean  65% [ 65%, 80%]    m: 88% r: 57% b: 50%
