Campaign: The Bell of Goblinopolis — 2 games/cell (SMOKE)

enc  lvl  difficulty  party     winrate  band        avg-turns   margin
e1   L1   easy       melee     100%    [ 80%, 95%] ⚠  35   margin  19% HP · 2.0/4 alive
       └ W:Every enemy has fallen×2
e1   L1   easy       ranged    100%    [ 80%, 95%] ⚠  21   margin  13% HP · 1.0/4 alive
       └ W:Every enemy has fallen×2
e1   L1   easy       balanced  100%    [ 80%, 95%] ⚠  23   margin  43% HP · 3.0/4 alive
       └ W:Every enemy has fallen×2
     mean 100%  [ 80%, 95%] ⚠
e1   L1   medium     melee     100%    [ 65%, 80%] ⚠  29   margin  28% HP · 2.5/4 alive
       └ W:Every enemy has fallen×2
e1   L1   medium     ranged     50%    [ 65%, 80%] ⚠  25   margin  30% HP · 2.0/4 alive
       └ W:Every enemy has fallen×1  L:Your party has fallen×1
e1   L1   medium     balanced   50%    [ 65%, 80%] ⚠  26   margin  61% HP · 4.0/4 alive
       └ W:Every enemy has fallen×1  L:Your party has fallen×1
     mean  67%  [ 65%, 80%] ✓
e1   L1   hard       melee     100%    [ 45%, 65%] ⚠  33   margin  21% HP · 3.0/4 alive
       └ W:Every enemy has fallen×2
e1   L1   hard       ranged      0%    [ 45%, 65%] ⚠  24
       └ L:Your party has fallen×2
e1   L1   hard       balanced   50%    [ 45%, 65%]    36   margin  36% HP · 3.0/4 alive
       └ W:Every enemy has fallen×1  L:Your party has fallen×1
     mean  50%  [ 45%, 65%] ✓  ⚠ WALL below floor( 10%): ranged
e1   L1   nightmare  melee     100%    [ 15%, 45%] ⚠  35   margin  20% HP · 1.5/4 alive
       └ W:Every enemy has fallen×2
e1   L1   nightmare  ranged     50%    [ 15%, 45%] ⚠  29   margin  30% HP · 2.0/4 alive
       └ L:Your party has fallen×1  W:Every enemy has fallen×1
e1   L1   nightmare  balanced   50%    [ 15%, 45%] ⚠  36   margin  28% HP · 3.0/4 alive
       └ L:Your party has fallen×1  W:Every enemy has fallen×1
     mean  67%  [ 15%, 45%] ⚠

e2   L2   easy       melee     100%    [ 80%, 95%] ⚠  33   margin  42% HP · 3.0/4 alive
       └ W:The escort made it through×2
e2   L2   easy       ranged     50%    [ 80%, 95%] ⚠  27   margin  43% HP · 3.0/4 alive
       └ L:Your party has fallen×1  W:The escort made it through×1
e2   L2   easy       balanced   50%    [ 80%, 95%] ⚠  28   margin  42% HP · 3.0/4 alive
       └ W:The escort made it through×1  L:Your party has fallen×1
     mean  67%  [ 80%, 95%] ⚠  ⚠ WALL below floor( 60%): ranged,balanced
e2   L2   medium     melee      50%    [ 65%, 80%] ⚠  37   margin  39% HP · 3.0/4 alive
       └ W:The escort made it through×1  L:Your party has fallen×1
e2   L2   medium     ranged    100%    [ 65%, 80%] ⚠  28   margin  38% HP · 2.5/4 alive
       └ W:The escort made it through×2
e2   L2   medium     balanced  100%    [ 65%, 80%] ⚠  30   margin  33% HP · 2.5/4 alive
       └ W:The escort made it through×2
     mean  83%  [ 65%, 80%] ⚠
e2   L2   hard       melee      50%    [ 45%, 65%]    38   margin  38% HP · 3.0/4 alive
       └ L:Your party has fallen×1  W:The escort made it through×1
e2   L2   hard       ranged    100%    [ 45%, 65%] ⚠  27   margin  44% HP · 2.0/4 alive
       └ W:The escort made it through×2
e2   L2   hard       balanced  100%    [ 45%, 65%] ⚠  37   margin  36% HP · 2.5/4 alive
       └ W:The escort made it through×2
     mean  83%  [ 45%, 65%] ⚠
e2   L2   nightmare  melee     100%    [ 15%, 45%] ⚠  35   margin  46% HP · 4.5/4 alive
       └ W:The escort made it through×2
e2   L2   nightmare  ranged      0%    [ 15%, 45%] ⚠  30
       └ L:Your party has fallen×2
e2   L2   nightmare  balanced    0%    [ 15%, 45%] ⚠  33
       └ L:Your charge has fallen×1  L:Your party has fallen×1
     mean  33%  [ 15%, 45%] ✓

e3   L3   easy       melee     100%    [ 80%, 95%] ⚠  30   margin  43% HP · 3.0/4 alive
       └ W:Every enemy has fallen×2
e3   L3   easy       ranged    100%    [ 80%, 95%] ⚠  33   margin  33% HP · 2.5/4 alive
       └ W:Every enemy has fallen×2
e3   L3   easy       balanced  100%    [ 80%, 95%] ⚠  41   margin  25% HP · 2.0/4 alive
       └ W:Every enemy has fallen×2
     mean 100%  [ 80%, 95%] ⚠
e3   L3   medium     melee     100%    [ 65%, 80%] ⚠  39   margin  43% HP · 3.5/4 alive
       └ W:Every enemy has fallen×2
e3   L3   medium     ranged     50%    [ 65%, 80%] ⚠  28   margin  33% HP · 2.0/4 alive
       └ L:Your party has fallen×1  W:Every enemy has fallen×1
e3   L3   medium     balanced    0%    [ 65%, 80%] ⚠  42
       └ L:Your party has fallen×2
     mean  50%  [ 65%, 80%] ⚠  ⚠ WALL below floor( 35%): balanced
e3   L3   hard       melee     100%    [ 45%, 65%] ⚠  47   margin  12% HP · 1.0/4 alive
       └ W:Every enemy has fallen×2
e3   L3   hard       ranged      0%    [ 45%, 65%] ⚠  32
       └ L:Your party has fallen×2
e3   L3   hard       balanced    0%    [ 45%, 65%] ⚠  44
       └ L:Your party has fallen×2
     mean  33%  [ 45%, 65%] ⚠  ⚠ WALL below floor( 10%): ranged,balanced
e3   L3   nightmare  melee       0%    [ 15%, 45%] ⚠  41
       └ L:Your party has fallen×2
e3   L3   nightmare  ranged      0%    [ 15%, 45%] ⚠  28
       └ L:Your party has fallen×2
e3   L3   nightmare  balanced    0%    [ 15%, 45%] ⚠  35
       └ L:Your party has fallen×2
     mean   0%  [ 15%, 45%] ⚠  ⚠ UNSOLVABLE: best party   0% <  40%

e4   L4   easy       melee       0%    [ 80%, 95%] ⚠  60
       └ L:Your party has fallen×2
e4   L4   easy       ranged    100%    [ 80%, 95%] ⚠  39   margin  49% HP · 2.5/4 alive
       └ W:Every enemy has fallen×2
e4   L4   easy       balanced  100%    [ 80%, 95%] ⚠  61   margin  27% HP · 2.0/4 alive
       └ W:Every enemy has fallen×2
     mean  67%  [ 80%, 95%] ⚠  ⚠ WALL below floor( 60%): melee
e4   L4   medium     melee     100%    [ 65%, 80%] ⚠  57   margin  14% HP · 1.5/4 alive
       └ W:Every enemy has fallen×2
e4   L4   medium     ranged    100%    [ 65%, 80%] ⚠  50   margin  39% HP · 3.0/4 alive
       └ W:Every enemy has fallen×2
e4   L4   medium     balanced  100%    [ 65%, 80%] ⚠  58   margin  39% HP · 2.5/4 alive
       └ W:Every enemy has fallen×2
     mean 100%  [ 65%, 80%] ⚠
e4   L4   hard       melee       0%    [ 45%, 65%] ⚠  54
       └ L:Your party has fallen×2
e4   L4   hard       ranged     50%    [ 45%, 65%]    58   margin  21% HP · 2.0/4 alive
       └ W:Every enemy has fallen×1  L:Your party has fallen×1
e4   L4   hard       balanced   50%    [ 45%, 65%]    67   margin  35% HP · 3.0/4 alive
       └ W:Every enemy has fallen×1  L:Your party has fallen×1
     mean  33%  [ 45%, 65%] ⚠  ⚠ WALL below floor( 10%): melee
e4   L4   nightmare  melee       0%    [ 15%, 45%] ⚠  64
       └ L:Your party has fallen×2
e4   L4   nightmare  ranged    100%    [ 15%, 45%] ⚠  61   margin   5% HP · 1.0/4 alive
       └ W:Every enemy has fallen×2
e4   L4   nightmare  balanced    0%    [ 15%, 45%] ⚠  75
       └ L:Your party has fallen×2
     mean  33%  [ 15%, 45%] ✓

e5   L5   easy       melee     100%    [ 80%, 95%] ⚠  38   margin  37% HP · 2.5/4 alive
       └ W:Every enemy has fallen×2
e5   L5   easy       ranged    100%    [ 80%, 95%] ⚠  27   margin  34% HP · 2.5/4 alive
       └ W:Every enemy has fallen×2
e5   L5   easy       balanced  100%    [ 80%, 95%] ⚠  39   margin  36% HP · 2.5/4 alive
       └ W:Every enemy has fallen×2
     mean 100%  [ 80%, 95%] ⚠
e5   L5   medium     melee     100%    [ 65%, 80%] ⚠  42   margin  19% HP · 2.0/4 alive
       └ W:Every enemy has fallen×2
e5   L5   medium     ranged    100%    [ 65%, 80%] ⚠  32   margin  20% HP · 2.0/4 alive
       └ W:Every enemy has fallen×2
e5   L5   medium     balanced   50%    [ 65%, 80%] ⚠  45   margin  20% HP · 3.0/4 alive
       └ L:Your party has fallen×1  W:Every enemy has fallen×1
     mean  83%  [ 65%, 80%] ⚠
e5   L5   hard       melee     100%    [ 45%, 65%] ⚠  39   margin  22% HP · 1.5/4 alive
       └ W:Every enemy has fallen×2
e5   L5   hard       ranged    100%    [ 45%, 65%] ⚠  34   margin  18% HP · 1.5/4 alive
       └ W:Every enemy has fallen×2
e5   L5   hard       balanced  100%    [ 45%, 65%] ⚠  36   margin  31% HP · 3.0/4 alive
       └ W:Every enemy has fallen×2
     mean 100%  [ 45%, 65%] ⚠
e5   L5   nightmare  melee       0%    [ 15%, 45%] ⚠  34
       └ L:Your party has fallen×2
e5   L5   nightmare  ranged     50%    [ 15%, 45%] ⚠  39   margin  14% HP · 1.0/4 alive
       └ W:Every enemy has fallen×1  L:Your party has fallen×1
e5   L5   nightmare  balanced   50%    [ 15%, 45%] ⚠  42   margin  22% HP · 1.0/4 alive
       └ L:Your party has fallen×1  W:Every enemy has fallen×1
     mean  33%  [ 15%, 45%] ✓

e6   L5   easy       melee     100%    [ 80%, 95%] ⚠  38   margin  43% HP · 3.0/4 alive
       └ W:Every enemy has fallen×2
e6   L5   easy       ranged    100%    [ 80%, 95%] ⚠  24   margin  49% HP · 3.0/4 alive
       └ W:Every enemy has fallen×2
e6   L5   easy       balanced  100%    [ 80%, 95%] ⚠  34   margin  76% HP · 4.0/4 alive
       └ W:Every enemy has fallen×2
     mean 100%  [ 80%, 95%] ⚠
e6   L5   medium     melee      50%    [ 65%, 80%] ⚠  38   margin  50% HP · 3.0/4 alive
       └ L:The deadline passed×1  W:Every enemy has fallen×1
e6   L5   medium     ranged    100%    [ 65%, 80%] ⚠  27   margin  38% HP · 2.5/4 alive
       └ W:Every enemy has fallen×2
e6   L5   medium     balanced   50%    [ 65%, 80%] ⚠  34   margin  67% HP · 4.0/4 alive
       └ L:The deadline passed×1  W:Every enemy has fallen×1
     mean  67%  [ 65%, 80%] ✓
e6   L5   hard       melee     100%    [ 45%, 65%] ⚠  45   margin  25% HP · 2.0/4 alive
       └ W:Every enemy has fallen×2
e6   L5   hard       ranged    100%    [ 45%, 65%] ⚠  33   margin  17% HP · 2.0/4 alive
       └ W:Every enemy has fallen×2
e6   L5   hard       balanced    0%    [ 45%, 65%] ⚠  38
       └ L:The deadline passed×2
     mean  67%  [ 45%, 65%] ⚠  ⚠ WALL below floor( 10%): balanced
e6   L5   nightmare  melee       0%    [ 15%, 45%] ⚠  36
       └ L:Your party has fallen×1  L:The deadline passed×1
e6   L5   nightmare  ranged      0%    [ 15%, 45%] ⚠  36
       └ L:The deadline passed×2
e6   L5   nightmare  balanced    0%    [ 15%, 45%] ⚠  39
       └ L:The deadline passed×2
     mean   0%  [ 15%, 45%] ⚠  ⚠ UNSOLVABLE: best party   0% <  40%

e7   L6   easy       melee      50%    [ 80%, 95%] ⚠  35   margin  51% HP · 4.0/4 alive
       └ L:The deadline passed×1  W:Every mark is held×1
e7   L6   easy       ranged    100%    [ 80%, 95%] ⚠  26   margin  53% HP · 3.0/4 alive
       └ W:Every enemy has fallen×1  W:Every mark is held×1
e7   L6   easy       balanced  100%    [ 80%, 95%] ⚠  3   margin  89% HP · 4.0/4 alive
       └ W:Every mark is held×2
     mean  83%  [ 80%, 95%] ✓  ⚠ WALL below floor( 60%): melee
e7   L6   medium     melee       0%    [ 65%, 80%] ⚠  46
       └ L:Your party has fallen×2
e7   L6   medium     ranged      0%    [ 65%, 80%] ⚠  33
       └ L:Your party has fallen×2
e7   L6   medium     balanced  100%    [ 65%, 80%] ⚠  3   margin  89% HP · 4.0/4 alive
       └ W:Every mark is held×2
     mean  33%  [ 65%, 80%] ⚠  ⚠ WALL below floor( 35%): melee,ranged
e7   L6   hard       melee      50%    [ 45%, 65%]    42   margin  27% HP · 3.0/4 alive
       └ W:Every mark is held×1  L:Your party has fallen×1
e7   L6   hard       ranged      0%    [ 45%, 65%] ⚠  41
       └ L:Your party has fallen×2
e7   L6   hard       balanced  100%    [ 45%, 65%] ⚠  3   margin  89% HP · 4.0/4 alive
       └ W:Every mark is held×2
     mean  50%  [ 45%, 65%] ✓  ⚠ WALL below floor( 10%): ranged
e7   L6   nightmare  melee       0%    [ 15%, 45%] ⚠  43
       └ L:Your party has fallen×2
e7   L6   nightmare  ranged    100%    [ 15%, 45%] ⚠  3   margin  87% HP · 4.0/4 alive
       └ W:Every mark is held×2
e7   L6   nightmare  balanced  100%    [ 15%, 45%] ⚠  3   margin  89% HP · 4.0/4 alive
       └ W:Every mark is held×2
     mean  67%  [ 15%, 45%] ⚠

e8   L7   easy       melee      50%    [ 80%, 95%] ⚠  39   margin  31% HP · 2.0/4 alive
       └ L:Your party has fallen×1  W:You survived 6 rounds×1
e8   L7   easy       ranged    100%    [ 80%, 95%] ⚠  32   margin   6% HP · 1.5/4 alive
       └ W:You survived 6 rounds×2
e8   L7   easy       balanced  100%    [ 80%, 95%] ⚠  41   margin  26% HP · 3.0/4 alive
       └ W:You survived 6 rounds×2
     mean  83%  [ 80%, 95%] ✓  ⚠ WALL below floor( 60%): melee
e8   L7   medium     melee      50%    [ 65%, 80%] ⚠  52   margin  10% HP · 1.0/4 alive
       └ L:Your party has fallen×1  W:You survived 7 rounds×1
e8   L7   medium     ranged    100%    [ 65%, 80%] ⚠  41   margin  13% HP · 1.0/4 alive
       └ W:You survived 7 rounds×2
e8   L7   medium     balanced  100%    [ 65%, 80%] ⚠  45   margin  27% HP · 3.0/4 alive
       └ W:You survived 7 rounds×2
     mean  83%  [ 65%, 80%] ⚠
e8   L7   hard       melee       0%    [ 45%, 65%] ⚠  58
       └ L:Your party has fallen×2
e8   L7   hard       ranged      0%    [ 45%, 65%] ⚠  47
       └ L:Your party has fallen×2
e8   L7   hard       balanced    0%    [ 45%, 65%] ⚠  55
       └ L:Your party has fallen×2
     mean   0%  [ 45%, 65%] ⚠  ⚠ WALL below floor( 10%): melee,ranged,balanced
e8   L7   nightmare  melee       0%    [ 15%, 45%] ⚠  59
       └ L:Your party has fallen×2
e8   L7   nightmare  ranged      0%    [ 15%, 45%] ⚠  43
       └ L:Your party has fallen×2
e8   L7   nightmare  balanced    0%    [ 15%, 45%] ⚠  56
       └ L:Your party has fallen×2
     mean   0%  [ 15%, 45%] ⚠  ⚠ UNSOLVABLE: best party   0% <  40%

e9   L8   easy       melee     100%    [ 80%, 95%] ⚠  45   margin  54% HP · 4.0/4 alive
       └ W:The target is destroyed×2
e9   L8   easy       ranged    100%    [ 80%, 95%] ⚠  31   margin  57% HP · 3.0/4 alive
       └ W:The target is destroyed×2
e9   L8   easy       balanced  100%    [ 80%, 95%] ⚠  42   margin  43% HP · 2.5/4 alive
       └ W:The target is destroyed×2
     mean 100%  [ 80%, 95%] ⚠
e9   L8   medium     melee      50%    [ 65%, 80%] ⚠  64   margin   2% HP · 1.0/4 alive
       └ W:The target is destroyed×1  L:Your party has fallen×1
e9   L8   medium     ranged    100%    [ 65%, 80%] ⚠  34   margin  52% HP · 3.5/4 alive
       └ W:The target is destroyed×2
e9   L8   medium     balanced   50%    [ 65%, 80%] ⚠  48   margin  68% HP · 4.0/4 alive
       └ W:The target is destroyed×1  L:Your party has fallen×1
     mean  67%  [ 65%, 80%] ✓
e9   L8   hard       melee       0%    [ 45%, 65%] ⚠  75
       └ L:Your party has fallen×2
e9   L8   hard       ranged    100%    [ 45%, 65%] ⚠  35   margin  46% HP · 3.0/4 alive
       └ W:The target is destroyed×2
e9   L8   hard       balanced   50%    [ 45%, 65%]    60   margin  38% HP · 2.0/4 alive
       └ L:Your party has fallen×1  W:The target is destroyed×1
     mean  50%  [ 45%, 65%] ✓  ⚠ WALL below floor( 10%): melee
e9   L8   nightmare  melee       0%    [ 15%, 45%] ⚠  59
       └ L:Your party has fallen×2
e9   L8   nightmare  ranged    100%    [ 15%, 45%] ⚠  40   margin  34% HP · 3.0/4 alive
       └ W:The target is destroyed×2
e9   L8   nightmare  balanced    0%    [ 15%, 45%] ⚠  64
       └ L:Your party has fallen×2
     mean  33%  [ 15%, 45%] ✓

e10  L9   easy       melee     100%    [ 80%, 95%] ⚠  42   margin  66% HP · 4.5/4 alive
       └ W:Every enemy has fallen×1  W:You survived 6 rounds×1
e10  L9   easy       ranged    100%    [ 80%, 95%] ⚠  29   margin  74% HP · 5.0/4 alive
       └ W:Every enemy has fallen×2
e10  L9   easy       balanced  100%    [ 80%, 95%] ⚠  42   margin  65% HP · 4.5/4 alive
       └ W:Every enemy has fallen×1  W:You survived 6 rounds×1
     mean 100%  [ 80%, 95%] ⚠
e10  L9   medium     melee     100%    [ 65%, 80%] ⚠  48   margin  55% HP · 5.0/4 alive
       └ W:Every enemy has fallen×1  W:You survived 7 rounds×1
e10  L9   medium     ranged    100%    [ 65%, 80%] ⚠  38   margin  54% HP · 4.5/4 alive
       └ W:Every enemy has fallen×2
e10  L9   medium     balanced  100%    [ 65%, 80%] ⚠  52   margin  49% HP · 4.0/4 alive
       └ W:You survived 7 rounds×2
     mean 100%  [ 65%, 80%] ⚠
e10  L9   hard       melee     100%    [ 45%, 65%] ⚠  60   margin  46% HP · 5.0/4 alive
       └ W:Every enemy has fallen×1  W:You survived 8 rounds×1
e10  L9   hard       ranged    100%    [ 45%, 65%] ⚠  56   margin  25% HP · 3.5/4 alive
       └ W:You survived 8 rounds×2
e10  L9   hard       balanced  100%    [ 45%, 65%] ⚠  62   margin  38% HP · 3.5/4 alive
       └ W:You survived 8 rounds×2
     mean 100%  [ 45%, 65%] ⚠
e10  L9   nightmare  melee     100%    [ 15%, 45%] ⚠  63   margin  42% HP · 5.0/4 alive
       └ W:Every enemy has fallen×2
e10  L9   nightmare  ranged    100%    [ 15%, 45%] ⚠  54   margin  39% HP · 5.0/4 alive
       └ W:Every enemy has fallen×2
e10  L9   nightmare  balanced  100%    [ 15%, 45%] ⚠  64   margin  41% HP · 4.0/4 alive
       └ W:You survived 8 rounds×2
     mean 100%  [ 15%, 45%] ⚠

e11  L10   easy       melee     100%    [ 80%, 95%] ⚠  30   margin  49% HP · 2.5/4 alive
       └ W:The whole party escaped×2
e11  L10   easy       ranged    100%    [ 80%, 95%] ⚠  23   margin  67% HP · 4.0/4 alive
       └ W:The whole party escaped×2
e11  L10   easy       balanced   50%    [ 80%, 95%] ⚠  55   margin  22% HP · 2.0/4 alive
       └ L:Your party has fallen×1  W:The whole party escaped×1
     mean  83%  [ 80%, 95%] ✓  ⚠ WALL below floor( 60%): balanced
e11  L10   medium     melee       0%    [ 65%, 80%] ⚠  50
       └ L:Your party has fallen×2
e11  L10   medium     ranged     50%    [ 65%, 80%] ⚠  38   margin  49% HP · 3.0/4 alive
       └ L:Your party has fallen×1  W:The whole party escaped×1
e11  L10   medium     balanced   50%    [ 65%, 80%] ⚠  57   margin   9% HP · 1.0/4 alive
       └ W:The whole party escaped×1  L:Your party has fallen×1
     mean  33%  [ 65%, 80%] ⚠  ⚠ WALL below floor( 35%): melee
e11  L10   hard       melee     100%    [ 45%, 65%] ⚠  44   margin  14% HP · 1.5/4 alive
       └ W:The whole party escaped×2
e11  L10   hard       ranged    100%    [ 45%, 65%] ⚠  49   margin  19% HP · 2.0/4 alive
       └ W:The whole party escaped×2
e11  L10   hard       balanced  100%    [ 45%, 65%] ⚠  51   margin   8% HP · 1.5/4 alive
       └ W:The whole party escaped×2
     mean 100%  [ 45%, 65%] ⚠
e11  L10   nightmare  melee     100%    [ 15%, 45%] ⚠  45   margin  31% HP · 2.0/4 alive
       └ W:The whole party escaped×2
e11  L10   nightmare  ranged    100%    [ 15%, 45%] ⚠  42   margin  10% HP · 1.5/4 alive
       └ W:The whole party escaped×2
e11  L10   nightmare  balanced    0%    [ 15%, 45%] ⚠  82
       └ L:Your party has fallen×2
     mean  67%  [ 15%, 45%] ⚠

e12  L10   easy       melee     100%    [ 80%, 95%] ⚠  51   margin  24% HP · 2.5/4 alive
       └ W:You reached the goal×1  W:Every enemy has fallen×1
e12  L10   easy       ranged    100%    [ 80%, 95%] ⚠  31   margin  53% HP · 3.5/4 alive
       └ W:You reached the goal×2
e12  L10   easy       balanced   50%    [ 80%, 95%] ⚠  48   margin  85% HP · 4.0/4 alive
       └ L:The deadline passed×1  W:You reached the goal×1
     mean  83%  [ 80%, 95%] ✓  ⚠ WALL below floor( 60%): balanced
e12  L10   medium     melee     100%    [ 65%, 80%] ⚠  45   margin  52% HP · 3.5/4 alive
       └ W:You reached the goal×2
e12  L10   medium     ranged    100%    [ 65%, 80%] ⚠  46   margin  35% HP · 2.5/4 alive
       └ W:Every enemy has fallen×2
e12  L10   medium     balanced  100%    [ 65%, 80%] ⚠  52   margin  59% HP · 4.0/4 alive
       └ W:Every enemy has fallen×2
     mean 100%  [ 65%, 80%] ⚠
e12  L10   hard       melee       0%    [ 45%, 65%] ⚠  61
       └ L:The deadline passed×1  L:Your party has fallen×1
e12  L10   hard       ranged      0%    [ 45%, 65%] ⚠  52
       └ L:The deadline passed×1  L:Your party has fallen×1
e12  L10   hard       balanced    0%    [ 45%, 65%] ⚠  62
       └ L:The deadline passed×2
     mean   0%  [ 45%, 65%] ⚠  ⚠ WALL below floor( 10%): melee,ranged,balanced
e12  L10   nightmare  melee       0%    [ 15%, 45%] ⚠  60
       └ L:The deadline passed×2
e12  L10   nightmare  ranged      0%    [ 15%, 45%] ⚠  48
       └ L:The deadline passed×1  L:Your party has fallen×1
e12  L10   nightmare  balanced    0%    [ 15%, 45%] ⚠  60
       └ L:The deadline passed×2
     mean   0%  [ 15%, 45%] ⚠  ⚠ UNSOLVABLE: best party   0% <  40%

SMOKE: PASS — content plays clean. Full battery unlocked for this content.
