Campaign: The Lantern of Elmsworth — 60 games/cell

enc  lvl  difficulty  party     winrate  band        avg-turns   margin
e1   L1   medium     melee      95%    [ 65%, 80%] ⚠  28   margin  39% HP · 3.2/4 alive
       └ W:kill-all×57  L:kill-all×3
e1   L1   medium     ranged     52%    [ 65%, 80%] ⚠  25   margin  27% HP · 2.1/4 alive
       └ W:kill-all×31  L:kill-all×29
e1   L1   medium     balanced   85%    [ 65%, 80%] ⚠  28   margin  33% HP · 2.7/4 alive
       └ W:kill-all×51  L:kill-all×9
     mean  77%  [ 65%, 80%] ✓

e2   L2   medium     melee      63%    [ 65%, 80%] ⚠  44   margin  26% HP · 2.1/4 alive
       └ W:kill-all×38  L:kill-all×22
e2   L2   medium     ranged     67%    [ 65%, 80%]    32   margin  38% HP · 2.4/4 alive
e2   L2   medium     balanced   87%    [ 65%, 80%] ⚠  38   margin  36% HP · 2.5/4 alive
       └ W:kill-all×52  L:kill-all×8
     mean  72%  [ 65%, 80%] ✓

e3   L3   medium     melee      80%    [ 65%, 80%]    41   margin  50% HP · 2.9/4 alive
e3   L3   medium     ranged    100%    [ 65%, 80%] ⚠  38   margin  53% HP · 3.3/4 alive
       └ W:You survived 6 rounds×52  W:Every enemy has fallen×8
e3   L3   medium     balanced  100%    [ 65%, 80%] ⚠  41   margin  61% HP · 3.7/4 alive
       └ W:You survived 6 rounds×59  W:Every enemy has fallen×1
     mean  93%  [ 65%, 80%] ⚠

e4   L4   medium     melee      67%    [ 65%, 80%]    38   margin  21% HP · 1.7/4 alive
e4   L4   medium     ranged     98%    [ 65%, 80%] ⚠  20   margin  48% HP · 3.9/4 alive
       └ W:Every enemy has fallen×59  L:Your party has fallen×1
e4   L4   medium     balanced   77%    [ 65%, 80%]    37   margin  24% HP · 2.0/4 alive
     mean  81%  [ 65%, 80%] ⚠

e5   L5   medium     melee      52%    [ 65%, 80%] ⚠  42   margin  12% HP · 1.1/4 alive
       └ W:You survived 7 rounds×31  L:Your party has fallen×29
e5   L5   medium     ranged     70%    [ 65%, 80%]    41   margin  20% HP · 1.9/4 alive
e5   L5   medium     balanced   95%    [ 65%, 80%] ⚠  45   margin  15% HP · 1.5/4 alive
       └ W:You survived 7 rounds×57  L:Your party has fallen×3
     mean  72%  [ 65%, 80%] ✓

e6   L5   medium     melee      85%    [ 65%, 80%] ⚠  30   margin  36% HP · 2.6/4 alive
       └ W:The target is destroyed×51  L:Your party has fallen×6  L:The deadline passed×3
e6   L5   medium     ranged    100%    [ 65%, 80%] ⚠  23   margin  50% HP · 3.0/4 alive
       └ W:The target is destroyed×60
e6   L5   medium     balanced   92%    [ 65%, 80%] ⚠  27   margin  44% HP · 3.2/4 alive
       └ W:The target is destroyed×55  L:Your party has fallen×4  L:The deadline passed×1
     mean  92%  [ 65%, 80%] ⚠

e7   L6   medium     melee     100%    [ 65%, 80%] ⚠  30   margin  53% HP · 2.9/4 alive
       └ W:The whole party escaped×60
e7   L6   medium     ranged     97%    [ 65%, 80%] ⚠  35   margin  27% HP · 2.2/4 alive
       └ W:The whole party escaped×58  L:Your party has fallen×2
e7   L6   medium     balanced   13%    [ 65%, 80%] ⚠  59   margin  11% HP · 1.1/4 alive
       └ L:Your party has fallen×51  W:The whole party escaped×8  DRAW×1
     mean  70%  [ 65%, 80%] ✓  ⚠ WALL below floor( 35%): balanced

e8   L7   medium     melee      58%    [ 65%, 80%] ⚠  41   margin  44% HP · 3.1/4 alive
       └ W:Every mark is held×31  L:The deadline passed×15  L:Your party has fallen×10
e8   L7   medium     ranged      2%    [ 65%, 80%] ⚠  36   margin  26% HP · 2.0/4 alive
       └ L:Your party has fallen×50  L:The deadline passed×9  W:Every mark is held×1
e8   L7   medium     balanced   15%    [ 65%, 80%] ⚠  47   margin  27% HP · 2.6/4 alive
       └ L:Your party has fallen×32  L:The deadline passed×19  W:Every mark is held×9
     mean  25%  [ 65%, 80%] ⚠  ⚠ WALL below floor( 35%): ranged,balanced

e9   L8   medium     melee      52%    [ 65%, 80%] ⚠  49   margin  12% HP · 1.3/4 alive
       └ W:You survived 7 rounds×31  L:Your party has fallen×29
e9   L8   medium     ranged     75%    [ 65%, 80%]    44   margin  12% HP · 1.6/4 alive
e9   L8   medium     balanced   77%    [ 65%, 80%]    49   margin  15% HP · 1.5/4 alive
     mean  68%  [ 65%, 80%] ✓

e10  L9   medium     melee      92%    [ 65%, 80%] ⚠  44   margin  67% HP · 4.5/4 alive
       └ W:The escort made it through×45  W:Every enemy has fallen×10  L:Your charge has fallen×3
e10  L9   medium     ranged     98%    [ 65%, 80%] ⚠  42   margin  59% HP · 4.6/4 alive
       └ W:Every enemy has fallen×48  W:The escort made it through×11  L:Your charge has fallen×1
e10  L9   medium     balanced   80%    [ 65%, 80%]    49   margin  63% HP · 4.6/4 alive
     mean  90%  [ 65%, 80%] ⚠

e11  L10   medium     melee      60%    [ 65%, 80%] ⚠  68   margin  20% HP · 2.1/4 alive
       └ W:Every enemy has fallen×36  L:Your party has fallen×24
e11  L10   medium     ranged      8%    [ 65%, 80%] ⚠  48   margin  18% HP · 2.6/4 alive
       └ L:Your party has fallen×55  W:Every enemy has fallen×5
e11  L10   medium     balanced   63%    [ 65%, 80%] ⚠  67   margin  25% HP · 2.4/4 alive
       └ W:Every enemy has fallen×38  L:Your party has fallen×22
     mean  44%  [ 65%, 80%] ⚠  ⚠ WALL below floor( 35%): ranged

e12  L10   medium     melee      85%    [ 65%, 80%] ⚠  63   margin  29% HP · 2.8/4 alive
       └ W:The target is destroyed×51  L:Your party has fallen×9
e12  L10   medium     ranged    100%    [ 65%, 80%] ⚠  40   margin  63% HP · 3.6/4 alive
       └ W:The target is destroyed×60
e12  L10   medium     balanced   92%    [ 65%, 80%] ⚠  56   margin  46% HP · 3.1/4 alive
       └ W:The target is destroyed×55  L:Your party has fallen×5
     mean  92%  [ 65%, 80%] ⚠

RESULT: FAIL
  Cells needing tuning (mean in band AND floors held):
    e3/medium: mean  93% out of band
    e4/medium: mean  81% out of band
    e6/medium: mean  92% out of band
    e7/medium: mean  70%, WALL for: balanced
    e8/medium: mean  25% out of band, WALL for: ranged,balanced
    e10/medium: mean  90% out of band
    e11/medium: mean  44% out of band, WALL for: ranged
    e12/medium: mean  92% out of band
  → Pick the lever by WHICH number is wrong: mean → hpScaleOverride (campaignTune.ts); spread/floor → placement (spreadSweep.ts). See CAMPAIGN_BALANCING.md.
