Campaign: The Lantern of Elmsworth — 60 games/cell

enc  lvl  difficulty  party     winrate  band        avg-turns   margin
e1   L1   medium     melee      97%    [ 65%, 80%] ⚠  30   margin  36% HP · 2.7/4 alive
       └ W:kill-all×58  L:kill-all×2
e1   L1   medium     ranged     55%    [ 65%, 80%] ⚠  24   margin  29% HP · 2.0/4 alive
       └ W:kill-all×33  L:kill-all×27
e1   L1   medium     balanced   55%    [ 65%, 80%] ⚠  31   margin  22% HP · 1.8/4 alive
       └ W:kill-all×33  L:kill-all×27
     mean  69%  [ 65%, 80%] ✓

e2   L2   medium     melee      38%    [ 65%, 80%] ⚠  39   margin  22% HP · 1.7/4 alive
       └ L:kill-all×37  W:kill-all×23
e2   L2   medium     ranged     93%    [ 65%, 80%] ⚠  27   margin  42% HP · 2.4/4 alive
       └ W:kill-all×56  L:kill-all×4
e2   L2   medium     balanced   72%    [ 65%, 80%]    37   margin  25% HP · 2.0/4 alive
     mean  68%  [ 65%, 80%] ✓

e3   L3   medium     melee      93%    [ 65%, 80%] ⚠  42   margin  40% HP · 2.9/4 alive
       └ W:You survived 6 rounds×56  L:Your party has fallen×3  L:Your charge has fallen×1
e3   L3   medium     ranged     12%    [ 65%, 80%] ⚠  30   margin  27% HP · 2.9/4 alive
       └ L:Your charge has fallen×52  W:You survived 6 rounds×7  L:Your party has fallen×1
e3   L3   medium     balanced   88%    [ 65%, 80%] ⚠  42   margin  45% HP · 3.3/4 alive
       └ W:You survived 6 rounds×53  L:Your charge has fallen×7
     mean  64%  [ 65%, 80%] ⚠  ⚠ WALL below floor( 35%): ranged

e4   L4   medium     melee      77%    [ 65%, 80%]    37   margin  22% HP · 1.9/4 alive
e4   L4   medium     ranged    100%    [ 65%, 80%] ⚠  20   margin  48% HP · 3.8/4 alive
       └ W:Every enemy has fallen×60
e4   L4   medium     balanced   68%    [ 65%, 80%]    37   margin  26% HP · 2.2/4 alive
     mean  82%  [ 65%, 80%] ⚠

e5   L5   medium     melee      25%    [ 65%, 80%] ⚠  43   margin   6% HP · 1.1/4 alive
       └ L:Your party has fallen×45  W:You survived 7 rounds×15
e5   L5   medium     ranged     47%    [ 65%, 80%] ⚠  47   margin   9% HP · 1.3/4 alive
       └ L:Your party has fallen×32  W:You survived 7 rounds×28
e5   L5   medium     balanced   63%    [ 65%, 80%] ⚠  48   margin  10% HP · 1.1/4 alive
       └ W:You survived 7 rounds×38  L:Your party has fallen×22
     mean  45%  [ 65%, 80%] ⚠  ⚠ WALL below floor( 35%): melee

e6   L5   medium     melee      98%    [ 65%, 80%] ⚠  30   margin  50% HP · 3.6/4 alive
       └ W:The target is destroyed×59  L:The deadline passed×1
e6   L5   medium     ranged     98%    [ 65%, 80%] ⚠  20   margin  49% HP · 3.1/4 alive
       └ W:The target is destroyed×59  L:Your party has fallen×1
e6   L5   medium     balanced  100%    [ 65%, 80%] ⚠  19   margin  56% HP · 3.5/4 alive
       └ W:The target is destroyed×60
     mean  99%  [ 65%, 80%] ⚠

e7   L6   medium     melee      43%    [ 65%, 80%] ⚠  38   margin  17% HP · 1.0/4 alive
       └ L:Your party has fallen×31  W:The whole party escaped×26  DRAW×3
e7   L6   medium     ranged      7%    [ 65%, 80%] ⚠  59   margin  14% HP · 1.5/4 alive
       └ L:Your party has fallen×52  DRAW×4  W:The whole party escaped×4
e7   L6   medium     balanced   43%    [ 65%, 80%] ⚠  60   margin  16% HP · 1.1/4 alive
       └ L:Your party has fallen×33  W:The whole party escaped×26  DRAW×1
     mean  31%  [ 65%, 80%] ⚠  ⚠ WALL below floor( 35%): ranged

e8   L7   medium     melee     100%    [ 65%, 80%] ⚠  41   margin  34% HP · 3.1/4 alive
       └ W:You survived 6 rounds×57  W:Every enemy has fallen×3
e8   L7   medium     ranged     88%    [ 65%, 80%] ⚠  36   margin  22% HP · 1.8/4 alive
       └ W:You survived 6 rounds×50  L:Your party has fallen×7  W:Every enemy has fallen×3
e8   L7   medium     balanced   95%    [ 65%, 80%] ⚠  44   margin  22% HP · 2.2/4 alive
       └ W:You survived 6 rounds×57  L:Your party has fallen×3
     mean  94%  [ 65%, 80%] ⚠

e9   L8   medium     melee     100%    [ 65%, 80%] ⚠  45   margin  33% HP · 2.8/4 alive
       └ W:You survived 7 rounds×34  W:Every enemy has fallen×26
e9   L8   medium     ranged     93%    [ 65%, 80%] ⚠  34   margin  39% HP · 2.8/4 alive
       └ W:Every enemy has fallen×48  W:You survived 7 rounds×8  L:Your party has fallen×4
e9   L8   medium     balanced   98%    [ 65%, 80%] ⚠  41   margin  39% HP · 2.7/4 alive
       └ W:You survived 7 rounds×31  W:Every enemy has fallen×28  L:Your party has fallen×1
     mean  97%  [ 65%, 80%] ⚠

e10  L9   medium     melee      87%    [ 65%, 80%] ⚠  52   margin  59% HP · 4.2/4 alive
       └ W:The escort made it through×31  W:Every enemy has fallen×21  L:Your party has fallen×5
e10  L9   medium     ranged     93%    [ 65%, 80%] ⚠  37   margin  54% HP · 3.7/4 alive
       └ W:The escort made it through×30  W:Every enemy has fallen×26  L:Your charge has fallen×3
e10  L9   medium     balanced   70%    [ 65%, 80%]    56   margin  51% HP · 4.4/4 alive
     mean  83%  [ 65%, 80%] ⚠

e11  L10   medium     melee      77%    [ 65%, 80%]    64   margin  31% HP · 2.4/4 alive
e11  L10   medium     ranged     57%    [ 65%, 80%] ⚠  53   margin  19% HP · 1.7/4 alive
       └ W:Every enemy has fallen×34  L:Your party has fallen×26
e11  L10   medium     balanced   87%    [ 65%, 80%] ⚠  66   margin  30% HP · 2.8/4 alive
       └ W:Every enemy has fallen×52  L:Your party has fallen×8
     mean  73%  [ 65%, 80%] ✓

e12  L10   medium     melee      97%    [ 65%, 80%] ⚠  61   margin  45% HP · 3.2/4 alive
       └ W:The target is destroyed×58  L:Your party has fallen×2
e12  L10   medium     ranged     83%    [ 65%, 80%] ⚠  40   margin  30% HP · 2.2/4 alive
       └ W:The target is destroyed×50  L:Your party has fallen×10
e12  L10   medium     balanced   90%    [ 65%, 80%] ⚠  57   margin  35% HP · 2.7/4 alive
       └ W:The target is destroyed×54  L:Your party has fallen×6
     mean  90%  [ 65%, 80%] ⚠

RESULT: FAIL
  Cells needing tuning (mean in band AND floors held):
    e3/medium: mean  64% out of band, WALL for: ranged
    e4/medium: mean  82% out of band
    e5/medium: mean  45% out of band, WALL for: melee
    e6/medium: mean  99% out of band
    e7/medium: mean  31% out of band, WALL for: ranged
    e8/medium: mean  94% out of band
    e9/medium: mean  97% out of band
    e10/medium: mean  83% out of band
    e12/medium: mean  90% out of band
  → Pick the lever by WHICH number is wrong: mean → hpScaleOverride (campaignTune.ts); spread/floor → placement (spreadSweep.ts). See CAMPAIGN_BALANCING.md.
