The Lantern of Elmsworth — shard 2/2: 75 of 150 builds x 25 games x 48 cells = 90,000 games
content 5a8444d0e844

  e1 easy       mean  95%  median  96%  walls 0%  
  e1 medium     mean  91%  median  92%  walls 0%  ⚠
  e1 hard       mean  71%  median  72%  walls 0%  
  e1 nightmare  mean  47%  median  48%  walls 1%  
  e2 easy       mean  94%  median  96%  walls 0%  
  e2 medium     mean  80%  median  84%  walls 0%  
  e2 hard       mean  70%  median  76%  walls 0%  
  e2 nightmare  mean  45%  median  44%  walls 4%  
  e3 easy       mean  99%  median 100%  walls 0%  ⚠
  e3 medium     mean  92%  median  96%  walls 0%  ⚠
  e3 hard       mean   8%  median   4%  walls 67%  ⚠
  e3 nightmare  mean   2%  median   0%  walls 89%  ⚠
  e4 easy       mean  98%  median 100%  walls 0%  ⚠
  e4 medium     mean  93%  median 100%  walls 0%  ⚠
  e4 hard       mean  90%  median  96%  walls 0%  ⚠
  e4 nightmare  mean  58%  median  60%  walls 3%  ⚠
  e5 easy       mean  97%  median 100%  walls 0%  ⚠
  e5 medium     mean  68%  median  68%  walls 4%  
  e5 hard       mean  55%  median  56%  walls 5%  
  e5 nightmare  mean   7%  median   4%  walls 55%  ⚠
  e6 easy       mean  96%  median 100%  walls 0%  ⚠
  e6 medium     mean  73%  median  84%  walls 5%  ⚠
  e6 hard       mean  47%  median  40%  walls 12%  
  e6 nightmare  mean  17%  median  12%  walls 44%  
  e7 easy       mean  89%  median  96%  walls 1%  ⚠
  e7 medium     mean  80%  median  84%  walls 1%  ⚠
  e7 hard       mean  42%  median  36%  walls 11%  
  e7 nightmare  mean  37%  median  28%  walls 8%  
  e8 easy       mean  86%  median 100%  walls 8%  ⚠
  e8 medium     mean  80%  median 100%  walls 12%  ⚠
  e8 hard       mean  68%  median  88%  walls 12%  ⚠
  e8 nightmare  mean  68%  median 100%  walls 21%  ⚠
  e9 easy       mean  99%  median 100%  walls 0%  ⚠
  e9 medium     mean  62%  median  68%  walls 12%  
  e9 hard       mean  33%  median  28%  walls 17%  
  e9 nightmare  mean  15%  median   8%  walls 44%  
  e10 easy       mean  96%  median 100%  walls 0%  ⚠
  e10 medium     mean  77%  median  84%  walls 0%  ⚠
  e10 hard       mean  56%  median  60%  walls 5%  
  e10 nightmare  mean  30%  median  24%  walls 9%  
  e11 easy       mean  99%  median 100%  walls 0%  ⚠
  e11 medium     mean  91%  median  96%  walls 1%  ⚠
  e11 hard       mean  77%  median  80%  walls 0%  ⚠
  e11 nightmare  mean  42%  median  36%  walls 4%  
  e12 easy       mean 100%  median 100%  walls 0%  ⚠
  e12 medium     mean  97%  median 100%  walls 0%  ⚠
  e12 hard       mean  89%  median  96%  walls 0%  ⚠
  e12 nightmare  mean  70%  median  72%  walls 0%  ⚠

shard done in 593.0 min

SHARD 2/2 (partial — merge with the other shard for the real verdict)

enc  lvl difficulty  builds  median   solve%  need   ceil  walled  verdict
e1   L1  easy           75   96%    96%>=80%   65%  <=100%    0%  OK  [early]
e1   L1  medium         75   92%    97%>=65%   50%  <= 90%    0%  ⚠ TOO EASY  [early]
e1   L1  hard           75   72%    87%>=45%   35%  <= 80%    0%  OK  [early]
e1   L1  nightmare      75   48%    67%>=40%   20%  <= 60%    1%  OK  [early]
e2   L2  easy           75   96%    93%>=80%   65%  <=100%    0%  OK  [early]
e2   L2  medium         75   84%    75%>=65%   50%  <= 90%    0%  OK  [early]
e2   L2  hard           75   76%    85%>=45%   35%  <= 80%    0%  OK  [early]
e2   L2  nightmare      75   44%    55%>=40%   20%  <= 60%    4%  OK  [early]
e3   L3  easy           75  100%   100%>=80%   50%  <= 95%    0%  ⚠ TOO EASY
e3   L3  medium         75   96%    93%>=65%   35%  <= 80%    0%  ⚠ TOO EASY
e3   L3  hard           75    4%     0%>=45%   20%  <= 65%   67%  ⚠ TOO HARD+WALLS
       └ walled   0%  warlock(fear) + barbarian(roar) + fighter(shield_bash) + cleric(ward)
       └ walled   4%  rogue(expose) + fighter(concussive) + barbarian(roar) + wizard(freeze)
       └ walled   8%  sorcerer(ffh) + cleric(heal) + barbarian(whirlwind) + fighter(concussive)
e3   L3  nightmare      75    0%     0%>=40%   10%  <= 45%   89%  ⚠ TOO HARD+WALLS
       └ walled   0%  fighter(concussive) + sorcerer(ffh) + rogue(expose) + ranger(longshot)
       └ walled   0%  warlock(drain) + sorcerer(ignite) + wizard(cold_snap) + ranger(longshot)
       └ walled   4%  cleric(heal) + wizard(blizzard) + barbarian(shockwave) + fighter(second_wind)
e4   L4  easy           75  100%    99%>=80%   50%  <= 95%    0%  ⚠ TOO EASY
e4   L4  medium         75  100%    97%>=65%   35%  <= 80%    0%  ⚠ TOO EASY
e4   L4  hard           75   96%    96%>=45%   20%  <= 65%    0%  ⚠ TOO EASY
e4   L4  nightmare      75   60%    69%>=40%   10%  <= 45%    3%  ⚠ TOO EASY
e5   L5  easy           75  100%    97%>=80%   50%  <= 95%    0%  ⚠ TOO EASY
e5   L5  medium         75   68%    57%>=65%   35%  <= 80%    4%  OK
e5   L5  hard           75   56%    69%>=45%   20%  <= 65%    5%  OK
e5   L5  nightmare      75    4%     1%>=40%   10%  <= 45%   55%  ⚠ TOO HARD+WALLS
       └ walled   0%  wizard(freeze/channeler) + barbarian(roar/thorns) + rogue(assassinate/opportunist) + warlock(grasp/siphon)
       └ walled   0%  cleric(ward/warded) + wizard(blizzard/channeler) + barbarian(whirlwind/stalwart) + warlock(drain/siphon)
       └ walled   4%  fighter(shield_bash/stalwart) + rogue(assassinate/opportunist) + sorcerer(ffh/stalwart) + wizard(cold_snap/opportunist)
e6   L5  easy           75  100%    95%>=80%   50%  <= 95%    0%  ⚠ TOO EASY
e6   L5  medium         75   84%    69%>=65%   35%  <= 80%    5%  ⚠ TOO EASY
e6   L5  hard           75   40%    45%>=45%   20%  <= 65%   12%  OK
e6   L5  nightmare      75   12%    13%>=40%   10%  <= 45%   44%  OK
e7   L6  easy           75   96%    83%>=80%   50%  <= 95%    1%  ⚠ TOO EASY
e7   L6  medium         75   84%    77%>=65%   35%  <= 80%    1%  ⚠ TOO EASY
e7   L6  hard           75   36%    37%>=45%   20%  <= 65%   11%  OK
e7   L6  nightmare      75   28%    43%>=40%   10%  <= 45%    8%  OK
e8   L7  easy           75  100%    77%>=80%   50%  <= 95%    8%  ⚠ TOO EASY
e8   L7  medium         75  100%    72%>=65%   35%  <= 80%   12%  ⚠ TOO EASY  ⚠ bimodal
e8   L7  hard           75   88%    68%>=45%   20%  <= 65%   12%  ⚠ TOO EASY  ⚠ bimodal
e8   L7  nightmare      75  100%    73%>=40%   10%  <= 45%   21%  ⚠ TOO EASY  ⚠ bimodal
e9   L8  easy           75  100%   100%>=80%   50%  <= 95%    0%  ⚠ TOO EASY
e9   L8  medium         75   68%    52%>=65%   35%  <= 80%   12%  OK
e9   L8  hard           75   28%    27%>=45%   20%  <= 65%   17%  OK
e9   L8  nightmare      75    8%    13%>=40%   10%  <= 45%   44%  OK
e10  L9  easy           75  100%    96%>=80%   50%  <= 95%    0%  ⚠ TOO EASY
e10  L9  medium         75   84%    73%>=65%   35%  <= 80%    0%  ⚠ TOO EASY
e10  L9  hard           75   60%    67%>=45%   20%  <= 65%    5%  OK
e10  L9  nightmare      75   24%    32%>=40%   10%  <= 45%    9%  OK
e11  L10 easy           75  100%   100%>=80%   50%  <= 95%    0%  ⚠ TOO EASY
e11  L10 medium         75   96%    97%>=65%   35%  <= 80%    1%  ⚠ TOO EASY
e11  L10 hard           75   80%    92%>=45%   20%  <= 65%    0%  ⚠ TOO EASY
e11  L10 nightmare      75   36%    49%>=40%   10%  <= 45%    4%  OK
e12  L10 easy           75  100%   100%>=80%   50%  <= 95%    0%  ⚠ TOO EASY
e12  L10 medium         75  100%    99%>=65%   35%  <= 80%    0%  ⚠ TOO EASY
e12  L10 hard           75   96%    97%>=45%   20%  <= 65%    0%  ⚠ TOO EASY
e12  L10 nightmare      75   72%    95%>=40%   10%  <= 45%    0%  ⚠ TOO EASY

⚠ 29 cell(s) failing: e1/medium(TOO EASY), e3/easy(TOO EASY), e3/medium(TOO EASY), e3/hard(TOO HARD+WALLS), e3/nightmare(TOO HARD+WALLS), e4/easy(TOO EASY), e4/medium(TOO EASY), e4/hard(TOO EASY), e4/nightmare(TOO EASY), e5/easy(TOO EASY), e5/nightmare(TOO HARD+WALLS), e6/easy(TOO EASY), e6/medium(TOO EASY), e7/easy(TOO EASY), e7/medium(TOO EASY), e8/easy(TOO EASY), e8/medium(TOO EASY), e8/hard(TOO EASY), e8/nightmare(TOO EASY), e9/easy(TOO EASY), e10/easy(TOO EASY), e10/medium(TOO EASY), e11/easy(TOO EASY), e11/medium(TOO EASY), e11/hard(TOO EASY), e12/easy(TOO EASY), e12/medium(TOO EASY), e12/hard(TOO EASY), e12/nightmare(TOO EASY)

JSON written: balance_runs/lantern_D1_s1.json
