Campaign: The Lantern of Elmsworth — 2 games/cell (SMOKE)

enc  lvl  difficulty  party     winrate  band        avg-turns   margin
e1   L1   easy       melee     100%    [ 80%, 95%] ⚠  17   margin  58% HP · 3.5/4 alive
       └ W:kill-all×2
e1   L1   easy       ranged      0%    [ 80%, 95%] ⚠  20
       └ L:kill-all×2
e1   L1   easy       balanced  100%    [ 80%, 95%] ⚠  25   margin  46% HP · 4.0/4 alive
       └ W:kill-all×2
     mean  67%  [ 80%, 95%] ⚠  ⚠ WALL below floor( 60%): ranged
e1   L1   medium     melee     100%    [ 65%, 80%] ⚠  26   margin  39% HP · 3.0/4 alive
       └ W:kill-all×2
e1   L1   medium     ranged     50%    [ 65%, 80%] ⚠  23   margin  23% HP · 1.0/4 alive
       └ L:kill-all×1  W:kill-all×1
e1   L1   medium     balanced   50%    [ 65%, 80%] ⚠  30   margin  23% HP · 2.0/4 alive
       └ W:kill-all×1  L:kill-all×1
     mean  67%  [ 65%, 80%] ✓
e1   L1   hard       melee     100%    [ 45%, 65%] ⚠  29   margin  33% HP · 2.0/4 alive
       └ W:kill-all×2
e1   L1   hard       ranged     50%    [ 45%, 65%]    28   margin  23% HP · 2.0/4 alive
       └ L:kill-all×1  W:kill-all×1
e1   L1   hard       balanced   50%    [ 45%, 65%]    27   margin  21% HP · 2.0/4 alive
       └ W:kill-all×1  L:kill-all×1
     mean  67%  [ 45%, 65%] ⚠
e1   L1   nightmare  melee       0%    [ 15%, 45%] ⚠  35
       └ L:kill-all×2
e1   L1   nightmare  ranged     50%    [ 15%, 45%] ⚠  32   margin   9% HP · 1.0/4 alive
       └ L:kill-all×1  W:kill-all×1
e1   L1   nightmare  balanced  100%    [ 15%, 45%] ⚠  36   margin  19% HP · 1.5/4 alive
       └ W:kill-all×2
     mean  50%  [ 15%, 45%] ⚠

e2   L2   easy       melee      50%    [ 80%, 95%] ⚠  34   margin  48% HP · 3.0/4 alive
       └ L:kill-all×1  W:kill-all×1
e2   L2   easy       ranged    100%    [ 80%, 95%] ⚠  25   margin  62% HP · 3.5/4 alive
       └ W:kill-all×2
e2   L2   easy       balanced  100%    [ 80%, 95%] ⚠  31   margin  58% HP · 3.5/4 alive
       └ W:kill-all×2
     mean  83%  [ 80%, 95%] ✓  ⚠ WALL below floor( 60%): melee
e2   L2   medium     melee     100%    [ 65%, 80%] ⚠  41   margin  30% HP · 2.5/4 alive
       └ W:kill-all×2
e2   L2   medium     ranged     50%    [ 65%, 80%] ⚠  32   margin  24% HP · 2.0/4 alive
       └ L:kill-all×1  W:kill-all×1
e2   L2   medium     balanced   50%    [ 65%, 80%] ⚠  33   margin  81% HP · 4.0/4 alive
       └ W:kill-all×1  L:kill-all×1
     mean  67%  [ 65%, 80%] ✓
e2   L2   hard       melee      50%    [ 45%, 65%]    41   margin   4% HP · 1.0/4 alive
       └ L:kill-all×1  W:kill-all×1
e2   L2   hard       ranged    100%    [ 45%, 65%] ⚠  32   margin  48% HP · 3.5/4 alive
       └ W:kill-all×2
e2   L2   hard       balanced    0%    [ 45%, 65%] ⚠  42
       └ L:kill-all×2
     mean  50%  [ 45%, 65%] ✓  ⚠ WALL below floor( 10%): balanced
e2   L2   nightmare  melee      50%    [ 15%, 45%] ⚠  42   margin  28% HP · 2.0/4 alive
       └ L:kill-all×1  W:kill-all×1
e2   L2   nightmare  ranged      0%    [ 15%, 45%] ⚠  37
       └ L:kill-all×2
e2   L2   nightmare  balanced  100%    [ 15%, 45%] ⚠  46   margin  14% HP · 2.0/4 alive
       └ W:kill-all×2
     mean  50%  [ 15%, 45%] ⚠

e3   L3   easy       melee      50%    [ 80%, 95%] ⚠  35   margin  43% HP · 3.0/4 alive
       └ W:You survived 5 rounds×1  L:Your party has fallen×1
e3   L3   easy       ranged    100%    [ 80%, 95%] ⚠  34   margin  65% HP · 3.5/4 alive
       └ W:You survived 5 rounds×2
e3   L3   easy       balanced  100%    [ 80%, 95%] ⚠  37   margin  54% HP · 3.5/4 alive
       └ W:You survived 5 rounds×2
     mean  83%  [ 80%, 95%] ✓  ⚠ WALL below floor( 60%): melee
e3   L3   medium     melee     100%    [ 65%, 80%] ⚠  42   margin  49% HP · 2.5/4 alive
       └ W:You survived 6 rounds×2
e3   L3   medium     ranged    100%    [ 65%, 80%] ⚠  41   margin  41% HP · 3.5/4 alive
       └ W:You survived 6 rounds×2
e3   L3   medium     balanced  100%    [ 65%, 80%] ⚠  43   margin  61% HP · 3.5/4 alive
       └ W:You survived 6 rounds×2
     mean 100%  [ 65%, 80%] ⚠
e3   L3   hard       melee       0%    [ 45%, 65%] ⚠  41
       └ L:Your party has fallen×2
e3   L3   hard       ranged     50%    [ 45%, 65%]    51   margin  33% HP · 3.0/4 alive
       └ W:You survived 7 rounds×1  L:Your charge has fallen×1
e3   L3   hard       balanced   50%    [ 45%, 65%]    58   margin  16% HP · 2.0/4 alive
       └ W:You survived 7 rounds×1  L:Your charge has fallen×1
     mean  33%  [ 45%, 65%] ⚠  ⚠ WALL below floor( 10%): melee
e3   L3   nightmare  melee       0%    [ 15%, 45%] ⚠  46
       └ L:Your party has fallen×2
e3   L3   nightmare  ranged      0%    [ 15%, 45%] ⚠  47
       └ L:Your charge has fallen×2
e3   L3   nightmare  balanced    0%    [ 15%, 45%] ⚠  56
       └ L:Your charge has fallen×1  L:Your party has fallen×1
     mean   0%  [ 15%, 45%] ⚠  ⚠ UNSOLVABLE: best party   0% <  40%

e4   L4   easy       melee     100%    [ 80%, 95%] ⚠  36   margin  26% HP · 2.0/4 alive
       └ W:Every enemy has fallen×2
e4   L4   easy       ranged    100%    [ 80%, 95%] ⚠  23   margin  52% HP · 3.0/4 alive
       └ W:Every enemy has fallen×2
e4   L4   easy       balanced  100%    [ 80%, 95%] ⚠  33   margin  52% HP · 2.5/4 alive
       └ W:Every enemy has fallen×2
     mean 100%  [ 80%, 95%] ⚠
e4   L4   medium     melee      50%    [ 65%, 80%] ⚠  39   margin  11% HP · 2.0/4 alive
       └ L:Your party has fallen×1  W:Every enemy has fallen×1
e4   L4   medium     ranged    100%    [ 65%, 80%] ⚠  19   margin  54% HP · 4.0/4 alive
       └ W:Every enemy has fallen×2
e4   L4   medium     balanced   50%    [ 65%, 80%] ⚠  39   margin  15% HP · 3.0/4 alive
       └ L:Your party has fallen×1  W:Every enemy has fallen×1
     mean  67%  [ 65%, 80%] ✓
e4   L4   hard       melee     100%    [ 45%, 65%] ⚠  35   margin  19% HP · 2.0/4 alive
       └ W:Every enemy has fallen×2
e4   L4   hard       ranged    100%    [ 45%, 65%] ⚠  28   margin  25% HP · 2.5/4 alive
       └ W:Every enemy has fallen×2
e4   L4   hard       balanced   50%    [ 45%, 65%]    35   margin  13% HP · 2.0/4 alive
       └ L:Your party has fallen×1  W:Every enemy has fallen×1
     mean  83%  [ 45%, 65%] ⚠
e4   L4   nightmare  melee       0%    [ 15%, 45%] ⚠  34
       └ L:Your party has fallen×2
e4   L4   nightmare  ranged    100%    [ 15%, 45%] ⚠  30   margin  17% HP · 2.5/4 alive
       └ W:Every enemy has fallen×2
e4   L4   nightmare  balanced    0%    [ 15%, 45%] ⚠  36
       └ L:Your party has fallen×2
     mean  33%  [ 15%, 45%] ✓

e5   L5   easy       melee     100%    [ 80%, 95%] ⚠  38   margin   9% HP · 1.5/4 alive
       └ W:You survived 6 rounds×2
e5   L5   easy       ranged    100%    [ 80%, 95%] ⚠  39   margin  25% HP · 2.5/4 alive
       └ W:You survived 6 rounds×2
e5   L5   easy       balanced  100%    [ 80%, 95%] ⚠  42   margin  20% HP · 2.0/4 alive
       └ W:You survived 6 rounds×2
     mean 100%  [ 80%, 95%] ⚠
e5   L5   medium     melee     100%    [ 65%, 80%] ⚠  42   margin  19% HP · 2.0/4 alive
       └ W:You survived 7 rounds×2
e5   L5   medium     ranged    100%    [ 65%, 80%] ⚠  44   margin  20% HP · 2.0/4 alive
       └ W:You survived 7 rounds×2
e5   L5   medium     balanced  100%    [ 65%, 80%] ⚠  45   margin  14% HP · 1.5/4 alive
       └ W:You survived 7 rounds×2
     mean 100%  [ 65%, 80%] ⚠
e5   L5   hard       melee     100%    [ 45%, 65%] ⚠  46   margin  22% HP · 1.0/4 alive
       └ W:You survived 7 rounds×2
e5   L5   hard       ranged      0%    [ 45%, 65%] ⚠  37
       └ L:Your party has fallen×2
e5   L5   hard       balanced  100%    [ 45%, 65%] ⚠  48   margin  12% HP · 1.5/4 alive
       └ W:You survived 7 rounds×2
     mean  67%  [ 45%, 65%] ⚠  ⚠ WALL below floor( 10%): ranged
e5   L5   nightmare  melee       0%    [ 15%, 45%] ⚠  47
       └ L:Your party has fallen×2
e5   L5   nightmare  ranged      0%    [ 15%, 45%] ⚠  41
       └ L:Your party has fallen×2
e5   L5   nightmare  balanced    0%    [ 15%, 45%] ⚠  47
       └ L:Your party has fallen×2
     mean   0%  [ 15%, 45%] ⚠  ⚠ UNSOLVABLE: best party   0% <  40%

e6   L5   easy       melee     100%    [ 80%, 95%] ⚠  23   margin  34% HP · 2.5/4 alive
       └ W:The target is destroyed×2
e6   L5   easy       ranged    100%    [ 80%, 95%] ⚠  17   margin  70% HP · 4.0/4 alive
       └ W:The target is destroyed×2
e6   L5   easy       balanced  100%    [ 80%, 95%] ⚠  24   margin  65% HP · 3.5/4 alive
       └ W:The target is destroyed×2
     mean 100%  [ 80%, 95%] ⚠
e6   L5   medium     melee      50%    [ 65%, 80%] ⚠  30   margin  49% HP · 3.0/4 alive
       └ L:The deadline passed×1  W:The target is destroyed×1
e6   L5   medium     ranged    100%    [ 65%, 80%] ⚠  20   margin  58% HP · 3.5/4 alive
       └ W:The target is destroyed×2
e6   L5   medium     balanced  100%    [ 65%, 80%] ⚠  27   margin  64% HP · 3.5/4 alive
       └ W:The target is destroyed×2
     mean  83%  [ 65%, 80%] ⚠
e6   L5   hard       melee      50%    [ 45%, 65%]    29   margin  57% HP · 4.0/4 alive
       └ L:Your party has fallen×1  W:The target is destroyed×1
e6   L5   hard       ranged    100%    [ 45%, 65%] ⚠  26   margin  29% HP · 2.0/4 alive
       └ W:The target is destroyed×2
e6   L5   hard       balanced  100%    [ 45%, 65%] ⚠  24   margin  55% HP · 4.0/4 alive
       └ W:The target is destroyed×2
     mean  83%  [ 45%, 65%] ⚠
e6   L5   nightmare  melee       0%    [ 15%, 45%] ⚠  35
       └ L:The deadline passed×1  L:Your party has fallen×1
e6   L5   nightmare  ranged     50%    [ 15%, 45%] ⚠  32   margin   3% HP · 1.0/4 alive
       └ W:The target is destroyed×1  L:Your party has fallen×1
e6   L5   nightmare  balanced   50%    [ 15%, 45%] ⚠  38   margin  17% HP · 2.0/4 alive
       └ L:Your party has fallen×1  W:The target is destroyed×1
     mean  33%  [ 15%, 45%] ✓

e7   L6   easy       melee     100%    [ 80%, 95%] ⚠  33   margin  26% HP · 1.5/4 alive
       └ W:The whole party escaped×2
e7   L6   easy       ranged    100%    [ 80%, 95%] ⚠  48   margin  12% HP · 1.5/4 alive
       └ W:The whole party escaped×2
e7   L6   easy       balanced  100%    [ 80%, 95%] ⚠  50   margin  38% HP · 2.0/4 alive
       └ W:The whole party escaped×2
     mean 100%  [ 80%, 95%] ⚠
e7   L6   medium     melee       0%    [ 65%, 80%] ⚠  150  ⚠ draws 100% (stall)
       └ DRAW×2
e7   L6   medium     ranged    100%    [ 65%, 80%] ⚠  36   margin  17% HP · 1.5/4 alive
       └ W:The whole party escaped×2
e7   L6   medium     balanced  100%    [ 65%, 80%] ⚠  59   margin  11% HP · 1.0/4 alive
       └ W:The whole party escaped×2
     mean  67%  [ 65%, 80%] ✓  ⚠ WALL below floor( 35%): melee
e7   L6   hard       melee       0%    [ 45%, 65%] ⚠  37
       └ L:Your party has fallen×2
e7   L6   hard       ranged     50%    [ 45%, 65%]    47   margin  26% HP · 1.0/4 alive
       └ W:The whole party escaped×1  L:Your party has fallen×1
e7   L6   hard       balanced    0%    [ 45%, 65%] ⚠  53
       └ L:Your party has fallen×2
     mean  17%  [ 45%, 65%] ⚠  ⚠ WALL below floor( 10%): melee,balanced
e7   L6   nightmare  melee      50%    [ 15%, 45%] ⚠  41   margin  15% HP · 1.0/4 alive
       └ W:The whole party escaped×1  L:Your party has fallen×1
e7   L6   nightmare  ranged      0%    [ 15%, 45%] ⚠  47
       └ L:Your party has fallen×2
e7   L6   nightmare  balanced    0%    [ 15%, 45%] ⚠  55
       └ L:Your party has fallen×2
     mean  17%  [ 15%, 45%] ✓

e8   L7   easy       melee     100%    [ 80%, 95%] ⚠  3   margin  96% HP · 4.0/4 alive
       └ W:Every mark is held×2
e8   L7   easy       ranged      0%    [ 80%, 95%] ⚠  36
       └ L:The deadline passed×1  L:Your party has fallen×1
e8   L7   easy       balanced  100%    [ 80%, 95%] ⚠  22   margin  64% HP · 3.0/4 alive
       └ W:Every mark is held×2
     mean  67%  [ 80%, 95%] ⚠  ⚠ WALL below floor( 60%): ranged
e8   L7   medium     melee     100%    [ 65%, 80%] ⚠  3   margin  96% HP · 4.0/4 alive
       └ W:Every mark is held×2
e8   L7   medium     ranged     50%    [ 65%, 80%] ⚠  28   margin  31% HP · 2.0/4 alive
       └ W:Every mark is held×1  L:Your party has fallen×1
e8   L7   medium     balanced  100%    [ 65%, 80%] ⚠  19   margin  68% HP · 3.5/4 alive
       └ W:Every mark is held×2
     mean  83%  [ 65%, 80%] ⚠
e8   L7   hard       melee     100%    [ 45%, 65%] ⚠  3   margin  96% HP · 4.0/4 alive
       └ W:Every mark is held×2
e8   L7   hard       ranged      0%    [ 45%, 65%] ⚠  35
       └ L:Your party has fallen×2
e8   L7   hard       balanced   50%    [ 45%, 65%]    29   margin  72% HP · 4.0/4 alive
       └ W:Every mark is held×1  L:Your party has fallen×1
     mean  50%  [ 45%, 65%] ✓  ⚠ WALL below floor( 10%): ranged
e8   L7   nightmare  melee     100%    [ 15%, 45%] ⚠  9   margin  74% HP · 4.0/4 alive
       └ W:Every mark is held×2
e8   L7   nightmare  ranged      0%    [ 15%, 45%] ⚠  32
       └ L:Your party has fallen×2
e8   L7   nightmare  balanced    0%    [ 15%, 45%] ⚠  48
       └ L:Your party has fallen×2
     mean  33%  [ 15%, 45%] ✓

e9   L8   easy       melee     100%    [ 80%, 95%] ⚠  41   margin  35% HP · 3.0/4 alive
       └ W:You survived 6 rounds×1  W:Every enemy has fallen×1
e9   L8   easy       ranged    100%    [ 80%, 95%] ⚠  32   margin  41% HP · 3.0/4 alive
       └ W:Every enemy has fallen×1  W:You survived 6 rounds×1
e9   L8   easy       balanced  100%    [ 80%, 95%] ⚠  40   margin  50% HP · 2.5/4 alive
       └ W:You survived 6 rounds×2
     mean 100%  [ 80%, 95%] ⚠
e9   L8   medium     melee      50%    [ 65%, 80%] ⚠  47   margin  24% HP · 1.0/4 alive
       └ W:You survived 7 rounds×1  L:Your party has fallen×1
e9   L8   medium     ranged     50%    [ 65%, 80%] ⚠  43   margin   5% HP · 1.0/4 alive
       └ L:Your party has fallen×1  W:You survived 7 rounds×1
e9   L8   medium     balanced    0%    [ 65%, 80%] ⚠  48
       └ L:Your party has fallen×2
     mean  33%  [ 65%, 80%] ⚠  ⚠ WALL below floor( 35%): balanced
e9   L8   hard       melee      50%    [ 45%, 65%]    48   margin  21% HP · 3.0/4 alive
       └ L:Your party has fallen×1  W:You survived 8 rounds×1
e9   L8   hard       ranged      0%    [ 45%, 65%] ⚠  45
       └ L:Your party has fallen×2
e9   L8   hard       balanced  100%    [ 45%, 65%] ⚠  54   margin  22% HP · 1.5/4 alive
       └ W:You survived 8 rounds×2
     mean  50%  [ 45%, 65%] ✓  ⚠ WALL below floor( 10%): ranged
e9   L8   nightmare  melee     100%    [ 15%, 45%] ⚠  51   margin  13% HP · 1.5/4 alive
       └ W:You survived 8 rounds×2
e9   L8   nightmare  ranged     50%    [ 15%, 45%] ⚠  49   margin   7% HP · 1.0/4 alive
       └ L:Your party has fallen×1  W:You survived 8 rounds×1
e9   L8   nightmare  balanced   50%    [ 15%, 45%] ⚠  53   margin  20% HP · 1.0/4 alive
       └ W:You survived 8 rounds×1  L:Your party has fallen×1
     mean  67%  [ 15%, 45%] ⚠

e10  L9   easy       melee     100%    [ 80%, 95%] ⚠  34   margin  80% HP · 5.0/4 alive
       └ W:The escort made it through×2
e10  L9   easy       ranged    100%    [ 80%, 95%] ⚠  31   margin  70% HP · 5.0/4 alive
       └ W:Every enemy has fallen×1  W:The escort made it through×1
e10  L9   easy       balanced  100%    [ 80%, 95%] ⚠  40   margin  79% HP · 5.0/4 alive
       └ W:The escort made it through×2
     mean 100%  [ 80%, 95%] ⚠
e10  L9   medium     melee     100%    [ 65%, 80%] ⚠  59   margin  55% HP · 4.0/4 alive
       └ W:Every enemy has fallen×1  W:The escort made it through×1
e10  L9   medium     ranged    100%    [ 65%, 80%] ⚠  39   margin  70% HP · 4.5/4 alive
       └ W:Every enemy has fallen×1  W:The escort made it through×1
e10  L9   medium     balanced   50%    [ 65%, 80%] ⚠  42   margin  68% HP · 5.0/4 alive
       └ L:Your charge has fallen×1  W:The escort made it through×1
     mean  83%  [ 65%, 80%] ⚠
e10  L9   hard       melee      50%    [ 45%, 65%]    38   margin  79% HP · 5.0/4 alive
       └ L:Your charge has fallen×1  W:The escort made it through×1
e10  L9   hard       ranged    100%    [ 45%, 65%] ⚠  32   margin  76% HP · 5.0/4 alive
       └ W:The escort made it through×2
e10  L9   hard       balanced  100%    [ 45%, 65%] ⚠  34   margin  70% HP · 5.0/4 alive
       └ W:The escort made it through×2
     mean  83%  [ 45%, 65%] ⚠
e10  L9   nightmare  melee      50%    [ 15%, 45%] ⚠  52   margin  83% HP · 5.0/4 alive
       └ L:Your charge has fallen×1  W:The escort made it through×1
e10  L9   nightmare  ranged    100%    [ 15%, 45%] ⚠  41   margin  64% HP · 5.0/4 alive
       └ W:The escort made it through×2
e10  L9   nightmare  balanced    0%    [ 15%, 45%] ⚠  49
       └ L:Your charge has fallen×2
     mean  50%  [ 15%, 45%] ⚠

e11  L10   easy       melee     100%    [ 80%, 95%] ⚠  59   margin  29% HP · 2.0/4 alive
       └ W:Every enemy has fallen×2
e11  L10   easy       ranged    100%    [ 80%, 95%] ⚠  45   margin  38% HP · 3.0/4 alive
       └ W:Every enemy has fallen×2
e11  L10   easy       balanced  100%    [ 80%, 95%] ⚠  50   margin  55% HP · 4.0/4 alive
       └ W:Every enemy has fallen×2
     mean 100%  [ 80%, 95%] ⚠
e11  L10   medium     melee     100%    [ 65%, 80%] ⚠  70   margin   4% HP · 1.0/4 alive
       └ W:Every enemy has fallen×2
e11  L10   medium     ranged      0%    [ 65%, 80%] ⚠  49
       └ L:Your party has fallen×2
e11  L10   medium     balanced   50%    [ 65%, 80%] ⚠  71   margin   7% HP · 1.0/4 alive
       └ L:Your party has fallen×1  W:Every enemy has fallen×1
     mean  50%  [ 65%, 80%] ⚠  ⚠ WALL below floor( 35%): ranged
e11  L10   hard       melee      50%    [ 45%, 65%]    64   margin  17% HP · 2.0/4 alive
       └ W:Every enemy has fallen×1  L:Your party has fallen×1
e11  L10   hard       ranged      0%    [ 45%, 65%] ⚠  53
       └ L:Your party has fallen×2
e11  L10   hard       balanced  100%    [ 45%, 65%] ⚠  67   margin  12% HP · 1.5/4 alive
       └ W:Every enemy has fallen×2
     mean  50%  [ 45%, 65%] ✓  ⚠ WALL below floor( 10%): ranged
e11  L10   nightmare  melee       0%    [ 15%, 45%] ⚠  80
       └ L:Your party has fallen×2
e11  L10   nightmare  ranged      0%    [ 15%, 45%] ⚠  55
       └ L:Your party has fallen×2
e11  L10   nightmare  balanced   50%    [ 15%, 45%] ⚠  78   margin  48% HP · 4.0/4 alive
       └ W:Every enemy has fallen×1  L:Your party has fallen×1
     mean  17%  [ 15%, 45%] ✓

e12  L10   easy       melee     100%    [ 80%, 95%] ⚠  54   margin  43% HP · 3.5/4 alive
       └ W:The target is destroyed×2
e12  L10   easy       ranged    100%    [ 80%, 95%] ⚠  30   margin  58% HP · 4.0/4 alive
       └ W:The target is destroyed×2
e12  L10   easy       balanced  100%    [ 80%, 95%] ⚠  44   margin  52% HP · 3.5/4 alive
       └ W:The target is destroyed×2
     mean 100%  [ 80%, 95%] ⚠
e12  L10   medium     melee     100%    [ 65%, 80%] ⚠  71   margin  18% HP · 2.0/4 alive
       └ W:The target is destroyed×2
e12  L10   medium     ranged    100%    [ 65%, 80%] ⚠  40   margin  63% HP · 3.5/4 alive
       └ W:The target is destroyed×2
e12  L10   medium     balanced  100%    [ 65%, 80%] ⚠  51   margin  59% HP · 3.5/4 alive
       └ W:The target is destroyed×2
     mean 100%  [ 65%, 80%] ⚠
e12  L10   hard       melee     100%    [ 45%, 65%] ⚠  55   margin  44% HP · 3.5/4 alive
       └ W:The target is destroyed×2
e12  L10   hard       ranged    100%    [ 45%, 65%] ⚠  48   margin  51% HP · 3.0/4 alive
       └ W:The target is destroyed×2
e12  L10   hard       balanced  100%    [ 45%, 65%] ⚠  57   margin  55% HP · 4.0/4 alive
       └ W:The target is destroyed×2
     mean 100%  [ 45%, 65%] ⚠
e12  L10   nightmare  melee     100%    [ 15%, 45%] ⚠  77   margin  33% HP · 3.5/4 alive
       └ W:The target is destroyed×2
e12  L10   nightmare  ranged     50%    [ 15%, 45%] ⚠  53   margin  44% HP · 3.0/4 alive
       └ L:Your party has fallen×1  W:The target is destroyed×1
e12  L10   nightmare  balanced    0%    [ 15%, 45%] ⚠  74
       └ L:Your party has fallen×2
     mean  50%  [ 15%, 45%] ⚠

SMOKE: PASS — content plays clean. Full battery unlocked for this content.
