Tuning The Lantern of Elmsworth — 60 games/party/step, 7 steps

e1   easy       0.93 -> 0.93  mean  88% [ 80%, 95%]    m:100% r: 68% b: 97%
e1   medium     1.00 -> 1.13  mean  76% [ 65%, 80%]    m: 87% r: 67% b: 73%
e1   hard       1.23 -> 1.24  mean  54% [ 45%, 65%]    m: 87% r: 15% b: 62%
e1   nightmare  1.28 -> 1.26  mean  31% [ 25%, 45%]    m: 67% r: 13% b: 13%

e2   easy       1.20 -> 1.13  mean  88% [ 80%, 95%]    m: 67% r: 98% b: 98%
e2   medium     1.44 -> 1.24  mean  72% [ 65%, 80%]    m: 43% r: 93% b: 80%
e2   hard       1.55 -> 1.54  mean  54% [ 45%, 65%]    m: 28% r: 72% b: 62%
e2   nightmare  1.68 -> 1.57  mean  34% [ 25%, 45%]    m: 12% r: 60% b: 32%

e3   easy       1.30 -> 1.35  mean  85% [ 80%, 95%]    m: 93% r: 63% b: 98%
e3   medium     1.70 -> 1.46  mean  73% [ 65%, 80%]    m: 82% r: 48% b: 90%
e3   hard       2.00 -> 1.04  mean  55% [ 45%, 65%]    m: 95% r: 22% b: 48%
e3   nightmare  2.40 -> 1.20  mean  41% [ 25%, 45%]    m: 87% r:  8% b: 28%

e4   easy       0.85 -> 0.84  mean  90% [ 80%, 95%]    m: 78% r:100% b: 92%
e4   medium     0.95 -> 1.02  mean  67% [ 65%, 80%]    m: 40% r: 98% b: 63%
e4   hard       1.05 -> 1.13  mean  56% [ 45%, 65%]    m: 35% r: 85% b: 47%
e4   nightmare  1.15 -> 1.22  mean  39% [ 25%, 45%]    m:  7% r: 85% b: 27%

e5   easy       1.50 -> 1.41  mean  89% [ 80%, 95%]    m: 77% r: 95% b: 95%
e5   medium     1.90 -> 1.46  mean  74% [ 65%, 80%]    m: 50% r: 78% b: 93%
e5   hard       2.20 -> 1.28  mean  53% [ 45%, 65%]    m: 25% r: 67% b: 67%
e5   nightmare  2.60 -> 1.35  mean  34% [ 25%, 45%]    m: 22% r: 37% b: 45%

e6   easy       1.00 -> 1.72  mean  86% [ 80%, 95%]    m: 88% r: 87% b: 82%
e6   medium     1.25 -> 2.01  mean  72% [ 65%, 80%]    m: 62% r: 83% b: 72%
e6   hard       1.45 -> 2.09  mean  57% [ 45%, 65%]    m: 40% r: 83% b: 47%
e6   nightmare  1.70 -> 2.10  mean  32% [ 25%, 45%]    m: 25% r: 42% b: 28%

e7   easy       0.88 -> 0.67  mean  84% [ 80%, 95%]    m: 78% r: 77% b: 97%
e7   medium     1.10 -> 0.91  mean  73% [ 65%, 80%]    m: 60% r: 73% b: 87%
e7   hard       1.60 -> 0.97  mean  59% [ 45%, 65%]    m: 48% r: 48% b: 82%
e7   nightmare  1.95 -> 1.09  mean  38% [ 25%, 45%]    m: 47% r: 10% b: 57%

e8   easy       0.95 -> 1.04  mean  87% [ 80%, 95%]    m:100% r: 73% b: 88%
e8   medium     1.07 -> 1.33  mean  76% [ 65%, 80%]    m: 97% r: 67% b: 65%
e8   hard       1.07 -> 1.06  mean  51% [ 45%, 65%]    m: 85% r: 18% b: 50%
e8   nightmare  1.10 -> 1.17  mean  35% [ 25%, 45%]    m: 58% r: 10% b: 37%

e9   easy       0.95 -> 1.19  mean  89% [ 80%, 95%]    m: 97% r: 77% b: 95%
e9   medium     1.06 -> 1.26  mean  75% [ 65%, 80%]    m: 95% r: 42% b: 88%
e9   hard       1.06 -> 1.13  mean  54% [ 45%, 65%]    m: 78% r: 38% b: 45%
e9   nightmare  1.06 -> 1.20  mean  38% [ 25%, 45%]    m: 58% r:  8% b: 47%

e10  easy       1.10 -> 1.43  mean  86% [ 80%, 95%]    m: 92% r: 90% b: 77%
e10  medium     1.45 -> 1.50  mean  68% [ 65%, 80%]    m: 78% r: 63% b: 62%
e10  hard       1.75 -> 1.77  mean  55% [ 45%, 65%]    m: 70% r: 63% b: 32%
e10  nightmare  2.05 -> 1.98  mean  36% [ 25%, 45%]    m: 52% r: 40% b: 17%

e11  easy       1.40 -> 1.65  mean  87% [ 80%, 95%]    m: 85% r: 75% b:100%
e11  medium     1.75 -> 1.76  mean  75% [ 65%, 80%]    m: 85% r: 53% b: 87%
e11  hard       1.95 -> 1.92  mean  54% [ 45%, 65%]    m: 65% r: 17% b: 80%
e11  nightmare  2.15 -> 2.01  mean  38% [ 25%, 45%]    m: 40% r: 15% b: 60%

e12  easy       1.20 -> 1.52  mean  89% [ 80%, 95%]    m: 93% r: 88% b: 85%
e12  medium     1.50 -> 1.61  mean  70% [ 65%, 80%]    m: 83% r: 45% b: 82%
e12  hard       1.68 -> 1.65  mean  64% [ 45%, 65%]    m: 63% r: 62% b: 67%
e12  nightmare  1.88 -> 1.87  mean  37% [ 25%, 45%]    m: 45% r: 22% b: 43%


─── paste-ready hpScaleOverride blocks ───
e1:  hpScaleOverride: { easy: 0.93, medium: 1.13, hard: 1.24, nightmare: 1.26 },
e2:  hpScaleOverride: { easy: 1.13, medium: 1.24, hard: 1.54, nightmare: 1.57 },
e3:  hpScaleOverride: { easy: 1.35, medium: 1.46, hard: 1.04, nightmare: 1.20 },
e4:  hpScaleOverride: { easy: 0.84, medium: 1.02, hard: 1.13, nightmare: 1.22 },
e5:  hpScaleOverride: { easy: 1.41, medium: 1.46, hard: 1.28, nightmare: 1.35 },
e6:  hpScaleOverride: { easy: 1.72, medium: 2.01, hard: 2.09, nightmare: 2.10 },
e7:  hpScaleOverride: { easy: 0.67, medium: 0.91, hard: 0.97, nightmare: 1.09 },
e8:  hpScaleOverride: { easy: 1.04, medium: 1.33, hard: 1.06, nightmare: 1.17 },
e9:  hpScaleOverride: { easy: 1.19, medium: 1.26, hard: 1.13, nightmare: 1.20 },
e10:  hpScaleOverride: { easy: 1.43, medium: 1.50, hard: 1.77, nightmare: 1.98 },
e11:  hpScaleOverride: { easy: 1.65, medium: 1.76, hard: 1.92, nightmare: 2.01 },
e12:  hpScaleOverride: { easy: 1.52, medium: 1.61, hard: 1.65, nightmare: 1.87 },
