Campaign: The Lantern of Elmsworth — 60 games/cell

enc  lvl  difficulty  party     winrate  band        avg-turns   margin
e1   L1   medium     melee      95%    [ 65%, 80%] ⚠  28   margin  39% HP · 3.2/4 alive
       └ W:kill-all×57  L:kill-all×3
e1   L1   medium     ranged     52%    [ 65%, 80%] ⚠  25   margin  27% HP · 2.1/4 alive
       └ W:kill-all×31  L:kill-all×29
e1   L1   medium     balanced   85%    [ 65%, 80%] ⚠  28   margin  33% HP · 2.7/4 alive
       └ W:kill-all×51  L:kill-all×9
     mean  77%  [ 65%, 80%] ✓

e2   L2   medium     melee      63%    [ 65%, 80%] ⚠  44   margin  26% HP · 2.1/4 alive
       └ W:kill-all×38  L:kill-all×22
e2   L2   medium     ranged     67%    [ 65%, 80%]    32   margin  38% HP · 2.4/4 alive
e2   L2   medium     balanced   87%    [ 65%, 80%] ⚠  38   margin  36% HP · 2.5/4 alive
       └ W:kill-all×52  L:kill-all×8
     mean  72%  [ 65%, 80%] ✓

e3   L3   medium     melee      72%    [ 65%, 80%]    41   margin  45% HP · 2.5/4 alive
e3   L3   medium     ranged     98%    [ 65%, 80%] ⚠  41   margin  47% HP · 3.6/4 alive
       └ W:You survived 6 rounds×59  L:Your charge has fallen×1
e3   L3   medium     balanced  100%    [ 65%, 80%] ⚠  43   margin  58% HP · 3.5/4 alive
       └ W:You survived 6 rounds×60
     mean  90%  [ 65%, 80%] ⚠

e4   L4   medium     melee      67%    [ 65%, 80%]    38   margin  21% HP · 1.7/4 alive
e4   L4   medium     ranged     98%    [ 65%, 80%] ⚠  20   margin  48% HP · 3.9/4 alive
       └ W:Every enemy has fallen×59  L:Your party has fallen×1
e4   L4   medium     balanced   77%    [ 65%, 80%]    37   margin  24% HP · 2.0/4 alive
     mean  81%  [ 65%, 80%] ⚠

e5   L5   medium     melee      52%    [ 65%, 80%] ⚠  42   margin  12% HP · 1.1/4 alive
       └ W:You survived 7 rounds×31  L:Your party has fallen×29
e5   L5   medium     ranged     70%    [ 65%, 80%]    41   margin  20% HP · 1.9/4 alive
e5   L5   medium     balanced   95%    [ 65%, 80%] ⚠  45   margin  15% HP · 1.5/4 alive
       └ W:You survived 7 rounds×57  L:Your party has fallen×3
     mean  72%  [ 65%, 80%] ✓

e6   L5   medium     melee      80%    [ 65%, 80%]    30   margin  36% HP · 2.6/4 alive
e6   L5   medium     ranged    100%    [ 65%, 80%] ⚠  23   margin  50% HP · 3.0/4 alive
       └ W:The target is destroyed×60
e6   L5   medium     balanced   83%    [ 65%, 80%] ⚠  28   margin  47% HP · 3.4/4 alive
       └ W:The target is destroyed×50  L:The deadline passed×6  L:Your party has fallen×4
     mean  88%  [ 65%, 80%] ⚠

