The Lantern of Elmsworth — shard 2/2: 75 of 150 builds x 25 games x 48 cells = 90,000 games
content f5333a2ec77b

  e1 easy       mean  95%  median  96%  walls 0%  
  e1 medium     mean  91%  median  92%  walls 0%  ⚠
  e1 hard       mean  51%  median  52%  walls 0%  
  e1 nightmare  mean  31%  median  28%  walls 8%  
  e2 easy       mean  94%  median  96%  walls 0%  
  e2 medium     mean  80%  median  84%  walls 0%  
  e2 hard       mean  70%  median  76%  walls 0%  
  e2 nightmare  mean  45%  median  44%  walls 4%  
  e3 easy       mean  98%  median 100%  walls 0%  ⚠
  e3 medium     mean  83%  median  88%  walls 0%  ⚠
  e3 hard       mean  23%  median  20%  walls 25%  ⚠
  e3 nightmare  mean  14%  median  12%  walls 33%  ⚠
  e4 easy       mean  95%  median 100%  walls 1%  ⚠
  e4 medium     mean  85%  median  92%  walls 3%  ⚠
  e4 hard       mean  79%  median  88%  walls 0%  ⚠
  e4 nightmare  mean  45%  median  40%  walls 5%  
  e5 easy       mean  89%  median  92%  walls 0%  
  e5 medium     mean  68%  median  68%  walls 4%  
  e5 hard       mean  67%  median  72%  walls 1%  ⚠
  e5 nightmare  mean  11%  median   8%  walls 48%  ⚠
  e6 easy       mean  61%  median  64%  walls 25%  ⚠
  e6 medium     mean  47%  median  48%  walls 28%  ⚠
  e6 hard       mean  41%  median  40%  walls 21%  
  e6 nightmare  mean  25%  median  16%  walls 25%  
  e7 easy       mean  94%  median  96%  walls 1%  ⚠
  e7 medium     mean  85%  median  88%  walls 1%  ⚠
