Campaign: The Lantern of Elmsworth — 40 games/cell

enc  lvl  difficulty  party     winrate  band        avg-turns   margin
e1   L1   nightmare  melee      68%    [ 15%, 45%] ⚠  31   margin  23% HP · 2.1/4 alive
       └ W:kill-all×27  L:kill-all×13
e1   L1   nightmare  ranged     48%    [ 15%, 45%] ⚠  30   margin  18% HP · 1.8/4 alive
       └ L:kill-all×21  W:kill-all×19
e1   L1   nightmare  balanced   40%    [ 15%, 45%]    35   margin  15% HP · 1.9/4 alive
     mean  52%  [ 15%, 45%] ⚠

e2   L2   nightmare  melee      28%    [ 15%, 45%]    50   margin  23% HP · 1.9/4 alive
e2   L2   nightmare  ranged     45%    [ 15%, 45%]    37   margin  25% HP · 2.0/4 alive
e2   L2   nightmare  balanced   43%    [ 15%, 45%]    41   margin  27% HP · 2.4/4 alive
     mean  38%  [ 15%, 45%] ✓

e3   L3   nightmare  melee       3%    [ 15%, 45%] ⚠  45   margin   3% HP · 2.0/4 alive
       └ L:Your party has fallen×36  L:Your charge has fallen×3  W:You survived 7 rounds×1
e3   L3   nightmare  ranged      8%    [ 15%, 45%] ⚠  45   margin  17% HP · 2.7/4 alive
       └ L:Your charge has fallen×37  W:You survived 7 rounds×3
e3   L3   nightmare  balanced   40%    [ 15%, 45%]    55   margin  21% HP · 2.3/4 alive
     mean  17%  [ 15%, 45%] ✓

e4   L4   nightmare  melee      18%    [ 15%, 45%]    38   margin  22% HP · 1.7/4 alive
e4   L4   nightmare  ranged     88%    [ 15%, 45%] ⚠  31   margin  20% HP · 2.5/4 alive
       └ W:Every enemy has fallen×35  L:Your party has fallen×5
e4   L4   nightmare  balanced   38%    [ 15%, 45%]    40   margin  16% HP · 1.9/4 alive
     mean  48%  [ 15%, 45%] ⚠

e5   L5   nightmare  melee       0%    [ 15%, 45%] ⚠  48
       └ L:Your party has fallen×40
e5   L5   nightmare  ranged      0%    [ 15%, 45%] ⚠  41
       └ L:Your party has fallen×40
e5   L5   nightmare  balanced    3%    [ 15%, 45%] ⚠  50   margin   2% HP · 1.0/4 alive
       └ L:Your party has fallen×39  W:You survived 8 rounds×1
     mean   1%  [ 15%, 45%] ⚠  ⚠ UNSOLVABLE: best party   3% <  40%

e6   L5   nightmare  melee       3%    [ 15%, 45%] ⚠  35   margin  43% HP · 3.0/4 alive
       └ L:The deadline passed×24  L:Your party has fallen×15  W:The target is destroyed×1
e6   L5   nightmare  ranged      0%    [ 15%, 45%] ⚠  35
       └ L:The deadline passed×34  L:Your party has fallen×6
e6   L5   nightmare  balanced    0%    [ 15%, 45%] ⚠  38
       └ L:The deadline passed×37  L:Your party has fallen×3
     mean   1%  [ 15%, 45%] ⚠  ⚠ UNSOLVABLE: best party   3% <  40%

e7   L6   nightmare  melee      13%    [ 15%, 45%] ⚠  44   margin  13% HP · 1.0/4 alive
       └ L:Your party has fallen×35  W:The whole party escaped×5
e7   L6   nightmare  ranged     35%    [ 15%, 45%]    50   margin  19% HP · 1.4/4 alive
e7   L6   nightmare  balanced   13%    [ 15%, 45%] ⚠  54   margin  14% HP · 1.0/4 alive
       └ L:Your party has fallen×35  W:The whole party escaped×5
     mean  20%  [ 15%, 45%] ✓  ⚠ UNSOLVABLE: best party  35% <  40%

e8   L7   nightmare  melee      13%    [ 15%, 45%] ⚠  47   margin  34% HP · 3.6/4 alive
       └ L:Your party has fallen×31  W:Every mark is held×5  L:The deadline passed×4
e8   L7   nightmare  ranged     20%    [ 15%, 45%]    30   margin  39% HP · 3.0/4 alive
e8   L7   nightmare  balanced   43%    [ 15%, 45%]    31   margin  80% HP · 4.0/4 alive
     mean  25%  [ 15%, 45%] ✓

e9   L8   nightmare  melee      33%    [ 15%, 45%]    51   margin  12% HP · 1.5/4 alive
e9   L8   nightmare  ranged      8%    [ 15%, 45%] ⚠  46   margin   8% HP · 1.0/4 alive
       └ L:Your party has fallen×37  W:You survived 8 rounds×3
e9   L8   nightmare  balanced   40%    [ 15%, 45%]    52   margin  10% HP · 1.5/4 alive
     mean  27%  [ 15%, 45%] ✓

e10  L9   nightmare  melee      45%    [ 15%, 45%]    56   margin  59% HP · 4.5/4 alive
e10  L9   nightmare  ranged     18%    [ 15%, 45%]    52   margin  31% HP · 3.1/4 alive
e10  L9   nightmare  balanced   60%    [ 15%, 45%] ⚠  51   margin  62% HP · 4.4/4 alive
       └ W:The escort made it through×23  L:Your charge has fallen×11  L:Your party has fallen×5
     mean  41%  [ 15%, 45%] ✓

e11  L10   nightmare  melee      45%    [ 15%, 45%]    80   margin  20% HP · 2.2/4 alive
e11  L10   nightmare  ranged      5%    [ 15%, 45%] ⚠  54   margin   9% HP · 1.5/4 alive
       └ L:Your party has fallen×38  W:Every enemy has fallen×2
e11  L10   nightmare  balanced   23%    [ 15%, 45%]    77   margin  22% HP · 2.4/4 alive
     mean  24%  [ 15%, 45%] ✓

e12  L10   nightmare  melee      40%    [ 15%, 45%]    71   margin  30% HP · 3.1/4 alive
e12  L10   nightmare  ranged     83%    [ 15%, 45%] ⚠  57   margin  38% HP · 2.3/4 alive
       └ W:The target is destroyed×33  L:Your party has fallen×7
e12  L10   nightmare  balanced   38%    [ 15%, 45%]    67   margin  41% HP · 3.3/4 alive
     mean  53%  [ 15%, 45%] ⚠

RESULT: FAIL
  Cells needing tuning (mean in band AND floors held):
    e1/nightmare: mean  52% out of band
    e4/nightmare: mean  48% out of band
    e5/nightmare: mean   1% out of band, unsolvable (best   3%)
    e6/nightmare: mean   1% out of band, unsolvable (best   3%)
    e7/nightmare: mean  20%, unsolvable (best  35%)
    e12/nightmare: mean  53% out of band
  → Pick the lever by WHICH number is wrong: mean → hpScaleOverride (campaignTune.ts); spread/floor → placement (spreadSweep.ts). See CAMPAIGN_BALANCING.md.
