The Moonberry Masquerade — shard 2/2: 75 of 150 builds x 25 games x 52 cells = 97,500 games
content a4b5660a9a16

  e1 easy       mean  95%  median  96%  walls 0%  
  e1 medium     mean  90%  median  92%  walls 0%  ⚠
  e1 hard       mean  56%  median  60%  walls 1%  
  e1 nightmare  mean  26%  median  24%  walls 11%  
  e2 easy       mean 100%  median 100%  walls 0%  
  e2 medium     mean  82%  median  92%  walls 5%  ⚠
  e2 hard       mean  76%  median  80%  walls 1%  
  e2 nightmare  mean  48%  median  48%  walls 1%  
  e3 easy       mean  99%  median 100%  walls 0%  ⚠
  e3 medium     mean  79%  median  88%  walls 0%  ⚠
  e3 hard       mean   5%  median   4%  walls 83%  ⚠
  e3 nightmare  mean   3%  median   0%  walls 83%  ⚠
  e4 easy       mean  87%  median  96%  walls 5%  ⚠
  e4 medium     mean  82%  median  92%  walls 3%  ⚠
  e4 hard       mean  50%  median  52%  walls 17%  
  e4 nightmare  mean  13%  median   4%  walls 51%  ⚠
  e4b easy       mean  92%  median 100%  walls 3%  ⚠
  e4b medium     mean  74%  median  80%  walls 9%  
  e4b hard       mean  46%  median  44%  walls 17%  
  e4b nightmare  mean  11%  median   0%  walls 64%  ⚠
  e5 easy       mean  96%  median 100%  walls 0%  ⚠
  e5 medium     mean  86%  median  96%  walls 0%  ⚠
  e5 hard       mean  69%  median  76%  walls 5%  ⚠
  e5 nightmare  mean  41%  median  40%  walls 8%  
  e6 easy       mean  96%  median 100%  walls 1%  ⚠
  e6 medium     mean  77%  median  84%  walls 5%  ⚠
  e6 hard       mean  48%  median  48%  walls 15%  
  e6 nightmare  mean  26%  median  16%  walls 24%  
  e7 easy       mean 100%  median 100%  walls 0%  ⚠
  e7 medium     mean  70%  median  76%  walls 7%  
  e7 hard       mean  36%  median  28%  walls 16%  
  e7 nightmare  mean  18%  median  12%  walls 36%  
  e8 easy       mean  95%  median 100%  walls 0%  ⚠
  e8 medium     mean  75%  median  80%  walls 5%  
  e8 hard       mean  57%  median  60%  walls 5%  
  e8 nightmare  mean  47%  median  48%  walls 4%  ⚠
  e9 easy       mean  94%  median 100%  walls 0%  ⚠
  e9 medium     mean  70%  median  72%  walls 8%  
