Tuning The Moonberry Masquerade — 60 games/party/step, 7 steps

e1   easy       0.78 -> 0.91  mean  91% [ 80%, 95%]    m:100% r: 78% b: 95%
e1   medium     0.90 -> 0.95  mean  85% [ 65%, 80%] ⚠  m: 97% r: 67% b: 92%
e1   hard       1.05 -> 0.98  mean  52% [ 45%, 65%]    m: 87% r: 25% b: 43%
e1   nightmare  1.15 -> 1.06  mean  15% [ 25%, 45%] ⚠  m: 25% r:  7% b: 13%

e2   easy       0.95 -> 1.28  mean  87% [ 80%, 95%]    m: 67% r: 95% b:100%
e2   medium     1.05 -> 1.17  mean  76% [ 65%, 80%]    m: 73% r: 63% b: 92%
e2   hard       1.15 -> 1.28  mean  56% [ 45%, 65%]    m: 48% r: 32% b: 88%
e2   nightmare  1.30 -> 1.43  mean  34% [ 25%, 45%]    m: 10% r: 22% b: 72%

e3   easy       0.90 -> 1.57  mean  87% [ 80%, 95%]    m: 98% r: 62% b:100%
e3   medium     1.05 -> 1.22  mean  71% [ 65%, 80%]    m: 70% r: 67% b: 77%
e3   hard       1.05 -> 0.65  mean  61% [ 45%, 65%]    m: 72% r: 70% b: 42%
e3   nightmare  1.10 -> 0.71  mean  31% [ 25%, 45%]    m: 25% r: 48% b: 20%

e4   easy       0.94 -> 0.86  mean  87% [ 80%, 95%]    m: 75% r:100% b: 87%
e4   medium     0.98 -> 0.87  mean  72% [ 65%, 80%]    m: 42% r: 95% b: 80%
e4   hard       1.20 -> 0.95  mean  56% [ 45%, 65%]    m: 13% r:100% b: 55%  ⚠ below floor: melee
e4   nightmare  1.30 -> 0.89  mean  41% [ 25%, 45%]    m: 43% r: 73% b:  7%

e5   easy       0.85 -> 0.84  mean  87% [ 80%, 95%]    m: 88% r: 72% b:100%
e5   medium     0.95 -> 0.98  mean  72% [ 65%, 80%]    m: 72% r: 45% b:100%
e5   hard       1.05 -> 1.13  mean  53% [ 45%, 65%]    m: 48% r: 15% b: 97%
e5   nightmare  1.15 -> 1.13  mean  35% [ 25%, 45%]    m: 12% r:  0% b: 93%

e6   easy       1.15 -> 1.50  mean  90% [ 80%, 95%]    m: 97% r: 80% b: 93%
e6   medium     1.50 -> 1.76  mean  69% [ 65%, 80%]    m: 88% r: 47% b: 72%
e6   hard       1.75 -> 1.87  mean  55% [ 45%, 65%]    m: 88% r: 23% b: 53%
e6   nightmare  2.00 -> 1.98  mean  33% [ 25%, 45%]    m: 52% r: 27% b: 20%

e7   easy       0.90 -> 2.01  mean  93% [ 80%, 95%]    m:100% r: 80% b:100%
e7   medium     1.05 -> 1.22  mean  66% [ 65%, 80%]    m: 68% r: 33% b: 97%  ⚠ below floor: ranged
e7   hard       1.05 -> 0.97  mean  54% [ 45%, 65%]    m: 45% r: 58% b: 58%
e7   nightmare  1.10 -> 0.98  mean  33% [ 25%, 45%]    m: 32% r: 35% b: 33%

e8   easy       1.03 -> 1.13  mean  88% [ 80%, 95%]    m: 83% r:100% b: 80%
e8   medium     1.36 -> 1.24  mean  71% [ 65%, 80%]    m: 52% r:100% b: 62%
e8   hard       1.52 -> 1.50  mean  51% [ 45%, 65%]    m: 32% r: 83% b: 37%
e8   nightmare  1.52 -> 1.50  mean  40% [ 25%, 45%]    m: 42% r: 50% b: 28%

e9   easy       0.85 -> 0.91  mean  87% [ 80%, 95%]    m: 92% r: 78% b: 90%
e9   medium     0.97 -> 0.84  mean  71% [ 65%, 80%]    m: 85% r: 72% b: 55%
e9   hard       0.97 -> 0.69  mean  48% [ 45%, 65%]    m: 43% r: 48% b: 52%
e9   nightmare  1.05 -> 0.64  mean  33% [ 25%, 45%]    m: 43% r: 18% b: 38%

e10  easy       0.80 -> 0.87  mean  87% [ 80%, 95%]    m: 60% r:100% b:100%
e10  medium     0.92 -> 1.02  mean  76% [ 65%, 80%]    m: 47% r: 92% b: 90%
e10  hard       1.02 -> 1.19  mean  53% [ 45%, 65%]    m:  0% r: 95% b: 65%  ⚠ below floor: melee
e10  nightmare  1.10 -> 1.20  mean  34% [ 25%, 45%]    m:  0% r: 50% b: 52%

e11  easy       0.98 -> 1.02  mean  87% [ 80%, 95%]    m: 62% r:100% b:100%
