Campaign: The Moonberry Masquerade — 60 games/cell

enc  lvl  difficulty  party     winrate  band        avg-turns   margin
e1   L1   medium     melee      98%    [ 65%, 80%] ⚠  26   margin  37% HP · 2.7/4 alive
       └ W:Every enemy has fallen×59  L:Your party has fallen×1
e1   L1   medium     ranged     82%    [ 65%, 80%] ⚠  20   margin  34% HP · 2.4/4 alive
       └ W:Every enemy has fallen×49  L:Your party has fallen×11
e1   L1   medium     balanced   90%    [ 65%, 80%] ⚠  21   margin  45% HP · 2.7/4 alive
       └ W:Every enemy has fallen×54  L:Your party has fallen×6
     mean  90%  [ 65%, 80%] ⚠

e2   L2   medium     melee      97%    [ 65%, 80%] ⚠  26   margin  70% HP · 4.5/4 alive
       └ W:Every enemy has fallen×39  W:The escort made it through×19  L:Your charge has fallen×2
e2   L2   medium     ranged     97%    [ 65%, 80%] ⚠  26   margin  66% HP · 3.9/4 alive
       └ W:Every enemy has fallen×54  W:The escort made it through×4  L:Your party has fallen×2
e2   L2   medium     balanced  100%    [ 65%, 80%] ⚠  26   margin  74% HP · 4.5/4 alive
       └ W:Every enemy has fallen×58  W:The escort made it through×2
     mean  98%  [ 65%, 80%] ⚠

e3   L3   medium     melee     100%    [ 65%, 80%] ⚠  39   margin  33% HP · 2.5/4 alive
       └ W:You survived 6 rounds×58  W:Every enemy has fallen×2
e3   L3   medium     ranged     37%    [ 65%, 80%] ⚠  33   margin  13% HP · 1.3/4 alive
       └ L:Your party has fallen×38  W:You survived 6 rounds×22
e3   L3   medium     balanced  100%    [ 65%, 80%] ⚠  40   margin  28% HP · 2.3/4 alive
       └ W:You survived 6 rounds×60
     mean  79%  [ 65%, 80%] ✓

e4   L4   medium     melee      57%    [ 65%, 80%] ⚠  39   margin  25% HP · 2.1/4 alive
       └ W:Every enemy has fallen×34  L:Your party has fallen×26
e4   L4   medium     ranged     98%    [ 65%, 80%] ⚠  21   margin  36% HP · 2.0/4 alive
       └ W:Every enemy has fallen×59  L:Your party has fallen×1
e4   L4   medium     balanced   43%    [ 65%, 80%] ⚠  38   margin  23% HP · 2.0/4 alive
       └ L:Your party has fallen×34  W:Every enemy has fallen×26
     mean  66%  [ 65%, 80%] ✓

e5   L5   medium     melee      28%    [ 65%, 80%] ⚠  67   margin  18% HP · 1.4/4 alive
       └ L:Your party has fallen×43  W:Every enemy has fallen×17
e5   L5   medium     ranged     37%    [ 65%, 80%] ⚠  65   margin  17% HP · 1.9/4 alive
       └ L:Your party has fallen×38  W:Every enemy has fallen×22
e5   L5   medium     balanced   92%    [ 65%, 80%] ⚠  70   margin  42% HP · 3.0/4 alive
       └ W:Every enemy has fallen×55  L:Your party has fallen×5
     mean  52%  [ 65%, 80%] ⚠  ⚠ WALL below floor( 35%): melee

e6   L5   medium     melee      72%    [ 65%, 80%]    29   margin  42% HP · 2.7/4 alive
e6   L5   medium     ranged     82%    [ 65%, 80%] ⚠  26   margin  35% HP · 2.1/4 alive
       └ W:The target is destroyed×49  L:Your party has fallen×10  L:The deadline passed×1
e6   L5   medium     balanced   93%    [ 65%, 80%] ⚠  28   margin  55% HP · 3.6/4 alive
       └ W:The target is destroyed×56  L:The deadline passed×4
     mean  82%  [ 65%, 80%] ⚠

e7   L6   medium     melee      92%    [ 65%, 80%] ⚠  47   margin  38% HP · 3.5/4 alive
       └ W:You survived 6 rounds×55  L:Your charge has fallen×5
e7   L6   medium     ranged     15%    [ 65%, 80%] ⚠  32   margin  28% HP · 2.8/4 alive
       └ L:Your charge has fallen×51  W:You survived 6 rounds×9
e7   L6   medium     balanced   78%    [ 65%, 80%]    50   margin  23% HP · 2.7/4 alive
     mean  62%  [ 65%, 80%] ⚠  ⚠ WALL below floor( 35%): ranged

e8   L7   medium     melee      90%    [ 65%, 80%] ⚠  52   margin  37% HP · 3.0/4 alive
       └ W:Every enemy has fallen×54  L:Your party has fallen×6
e8   L7   medium     ranged     85%    [ 65%, 80%] ⚠  38   margin  35% HP · 2.2/4 alive
       └ W:Every enemy has fallen×51  L:Your party has fallen×9
e8   L7   medium     balanced   87%    [ 65%, 80%] ⚠  53   margin  35% HP · 2.5/4 alive
       └ W:Every enemy has fallen×52  L:Your party has fallen×8
     mean  87%  [ 65%, 80%] ⚠

e9   L8   medium     melee      88%    [ 65%, 80%] ⚠  50   margin  22% HP · 2.1/4 alive
       └ W:You survived 7 rounds×53  L:Your party has fallen×7
e9   L8   medium     ranged     48%    [ 65%, 80%] ⚠  41   margin  13% HP · 1.3/4 alive
       └ L:Your party has fallen×31  W:You survived 7 rounds×29
e9   L8   medium     balanced   47%    [ 65%, 80%] ⚠  45   margin  15% HP · 1.5/4 alive
       └ L:Your party has fallen×32  W:You survived 7 rounds×28
     mean  61%  [ 65%, 80%] ⚠

e10  L9   medium     melee      10%    [ 65%, 80%] ⚠  79   margin   9% HP · 1.3/4 alive
       └ L:Your party has fallen×54  W:Every enemy has fallen×6
e10  L9   medium     ranged     98%    [ 65%, 80%] ⚠  68   margin  36% HP · 2.7/4 alive
       └ W:Every enemy has fallen×59  L:Your party has fallen×1
e10  L9   medium     balanced   80%    [ 65%, 80%]    86   margin  27% HP · 2.8/4 alive
     mean  63%  [ 65%, 80%] ⚠  ⚠ WALL below floor( 35%): melee

e11  L10   medium     melee      88%    [ 65%, 80%] ⚠  72   margin  24% HP · 2.3/4 alive
       └ W:The target is destroyed×53  L:Your party has fallen×7
e11  L10   medium     ranged    100%    [ 65%, 80%] ⚠  36   margin  48% HP · 3.1/4 alive
       └ W:The target is destroyed×60
e11  L10   medium     balanced   98%    [ 65%, 80%] ⚠  58   margin  64% HP · 3.7/4 alive
       └ W:The target is destroyed×59  L:Your party has fallen×1
     mean  96%  [ 65%, 80%] ⚠

e12  L10   medium     melee      90%    [ 65%, 80%] ⚠  42   margin  36% HP · 2.6/4 alive
       └ W:The whole party escaped×54  L:Your party has fallen×4  L:The deadline passed×2
e12  L10   medium     ranged     98%    [ 65%, 80%] ⚠  25   margin  32% HP · 1.9/4 alive
       └ W:The whole party escaped×59  L:Your party has fallen×1
e12  L10   medium     balanced  100%    [ 65%, 80%] ⚠  25   margin  52% HP · 2.8/4 alive
       └ W:The whole party escaped×60
     mean  96%  [ 65%, 80%] ⚠

RESULT: FAIL
  Cells needing tuning (mean in band AND floors held):
    e1/medium: mean  90% out of band
    e2/medium: mean  98% out of band
    e5/medium: mean  52% out of band, WALL for: melee
    e6/medium: mean  82% out of band
    e7/medium: mean  62% out of band, WALL for: ranged
    e8/medium: mean  87% out of band
    e9/medium: mean  61% out of band
    e10/medium: mean  63% out of band, WALL for: melee
    e11/medium: mean  96% out of band
    e12/medium: mean  96% out of band
  → Pick the lever by WHICH number is wrong: mean → hpScaleOverride (campaignTune.ts); spread/floor → placement (spreadSweep.ts). See CAMPAIGN_BALANCING.md.
