sealeddeep e3 — enemy start-distance sweep, 60 games/party
player centroid (4,4); + = enemies start CLOSER

offset  diff     mean   melee  ranged  bal    spread  flags
-2      medium    97%   90%  100%   100%   10pts    oob
-2      hard      81%   60%  100%    82%   40pts    oob
        (mean manhattan gap 5.3; placement 0,1 0,4 1,6)

-1      medium    89%  100%   70%    97%   30pts    oob
-1      hard      47%   75%   18%    48%   57pts   
        (mean manhattan gap 4.0; placement 1,2 0,4 2,5)

0       medium    71%   92%   35%    87%   57pts   floor:r
0       hard      25%   55%    7%    13%   48pts   floor:rb oob
        (mean manhattan gap 3.0; placement 2,2 1,4 3,5)

+1      medium    99%  100%  100%    98%    2pts    oob
+1      hard      76%   83%   85%    60%   25pts    oob
        (mean manhattan gap 2.0; placement 3,3 2,4 3,5)

+2      medium    37%   77%    8%    25%   68pts   floor:rb oob
+2      hard       8%   22%    0%     2%   22pts   floor:rb oob
        (mean manhattan gap 1.3; placement 3,3 3,4 5,4)

+3      medium    76%   95%   62%    70%   33pts   
+3      hard      31%   67%   20%     5%   62pts   floor:b oob
        (mean manhattan gap 1.7; placement 5,4 3,4 6,3)

