Campaign: The Sealed Deep — 2 games/cell (SMOKE)

enc  lvl  difficulty  party     winrate  band        avg-turns   margin
e1   L1   easy       melee     100%    [ 80%, 95%] ⚠  32   margin  36% HP · 2.5/4 alive
       └ W:Every enemy has fallen×2
e1   L1   easy       ranged    100%    [ 80%, 95%] ⚠  39   margin  23% HP · 1.5/4 alive
       └ W:Every enemy has fallen×2
e1   L1   easy       balanced  100%    [ 80%, 95%] ⚠  36   margin  29% HP · 2.0/4 alive
       └ W:Every enemy has fallen×2
     mean 100%  [ 80%, 95%] ⚠
e1   L1   medium     melee       0%    [ 65%, 80%] ⚠  48
       └ L:Your party has fallen×2
e1   L1   medium     ranged    100%    [ 65%, 80%] ⚠  35   margin  40% HP · 2.5/4 alive
       └ W:Every enemy has fallen×2
e1   L1   medium     balanced    0%    [ 65%, 80%] ⚠  43
       └ L:Your party has fallen×2
     mean  33%  [ 65%, 80%] ⚠  ⚠ WALL below floor( 35%): melee,balanced
e1   L1   hard       melee     100%    [ 45%, 65%] ⚠  40   margin  11% HP · 1.0/4 alive
       └ W:Every enemy has fallen×2
e1   L1   hard       ranged     50%    [ 45%, 65%]    49   margin   2% HP · 1.0/4 alive
       └ L:Your party has fallen×1  W:Every enemy has fallen×1
e1   L1   hard       balanced   50%    [ 45%, 65%]    49   margin   6% HP · 1.0/4 alive
       └ W:Every enemy has fallen×1  L:Your party has fallen×1
     mean  67%  [ 45%, 65%] ⚠
e1   L1   nightmare  melee       0%    [ 15%, 45%] ⚠  47
       └ L:Your party has fallen×2
e1   L1   nightmare  ranged      0%    [ 15%, 45%] ⚠  46
       └ L:Your party has fallen×2
e1   L1   nightmare  balanced    0%    [ 15%, 45%] ⚠  46
       └ L:Your party has fallen×2
     mean   0%  [ 15%, 45%] ⚠  ⚠ UNSOLVABLE: best party   0% <  40%

e2   L2   easy       melee      50%    [ 80%, 95%] ⚠  39   margin  26% HP · 3.0/4 alive
       └ W:Every enemy has fallen×1  L:Your party has fallen×1
e2   L2   easy       ranged    100%    [ 80%, 95%] ⚠  34   margin  46% HP · 2.5/4 alive
       └ W:Every enemy has fallen×2
e2   L2   easy       balanced  100%    [ 80%, 95%] ⚠  47   margin  25% HP · 2.0/4 alive
       └ W:Every enemy has fallen×2
     mean  83%  [ 80%, 95%] ✓  ⚠ WALL below floor( 60%): melee
e2   L2   medium     melee     100%    [ 65%, 80%] ⚠  40   margin  21% HP · 2.5/4 alive
       └ W:Every enemy has fallen×2
e2   L2   medium     ranged     50%    [ 65%, 80%] ⚠  36   margin  39% HP · 2.0/4 alive
       └ W:Every enemy has fallen×1  L:Your party has fallen×1
e2   L2   medium     balanced    0%    [ 65%, 80%] ⚠  40
       └ L:Your party has fallen×2
     mean  50%  [ 65%, 80%] ⚠  ⚠ WALL below floor( 35%): balanced
e2   L2   hard       melee       0%    [ 45%, 65%] ⚠  38
       └ L:Your party has fallen×2
e2   L2   hard       ranged      0%    [ 45%, 65%] ⚠  41
       └ L:Your party has fallen×2
e2   L2   hard       balanced    0%    [ 45%, 65%] ⚠  42
       └ L:Your party has fallen×2
     mean   0%  [ 45%, 65%] ⚠  ⚠ WALL below floor( 10%): melee,ranged,balanced
e2   L2   nightmare  melee       0%    [ 15%, 45%] ⚠  41
       └ L:Your party has fallen×2
e2   L2   nightmare  ranged    100%    [ 15%, 45%] ⚠  46   margin  18% HP · 2.0/4 alive
       └ W:Every enemy has fallen×2
e2   L2   nightmare  balanced    0%    [ 15%, 45%] ⚠  43
       └ L:Your party has fallen×2
     mean  33%  [ 15%, 45%] ✓

e3   L2   easy       melee     100%    [ 80%, 95%] ⚠  26   margin  64% HP · 4.0/4 alive
       └ W:Every enemy has fallen×2
e3   L2   easy       ranged     50%    [ 80%, 95%] ⚠  35   margin  22% HP · 3.0/4 alive
       └ L:Your party has fallen×1  W:Every enemy has fallen×1
e3   L2   easy       balanced  100%    [ 80%, 95%] ⚠  42   margin  29% HP · 3.0/4 alive
       └ W:Every enemy has fallen×2
     mean  83%  [ 80%, 95%] ✓  ⚠ WALL below floor( 60%): ranged
e3   L2   medium     melee     100%    [ 65%, 80%] ⚠  37   margin  48% HP · 2.5/4 alive
       └ W:Every enemy has fallen×2
e3   L2   medium     ranged     50%    [ 65%, 80%] ⚠  37   margin  42% HP · 3.0/4 alive
       └ L:Your party has fallen×1  W:Every enemy has fallen×1
e3   L2   medium     balanced  100%    [ 65%, 80%] ⚠  37   margin  46% HP · 3.0/4 alive
       └ W:Every enemy has fallen×2
     mean  83%  [ 65%, 80%] ⚠
e3   L2   hard       melee       0%    [ 45%, 65%] ⚠  43
       └ L:Your charge has fallen×1  L:Your party has fallen×1
e3   L2   hard       ranged      0%    [ 45%, 65%] ⚠  39
       └ L:Your charge has fallen×2
e3   L2   hard       balanced   50%    [ 45%, 65%]    53   margin  22% HP · 3.0/4 alive
       └ W:Every enemy has fallen×1  L:Your charge has fallen×1
     mean  17%  [ 45%, 65%] ⚠  ⚠ WALL below floor( 10%): melee,ranged
e3   L2   nightmare  melee       0%    [ 15%, 45%] ⚠  49
       └ L:Your charge has fallen×1  L:Your party has fallen×1
e3   L2   nightmare  ranged     50%    [ 15%, 45%] ⚠  38   margin  53% HP · 4.0/4 alive
       └ L:Your charge has fallen×1  W:Every enemy has fallen×1
e3   L2   nightmare  balanced    0%    [ 15%, 45%] ⚠  41
       └ L:Your charge has fallen×2
     mean  17%  [ 15%, 45%] ✓

e4   L3   easy       melee     100%    [ 80%, 95%] ⚠  33   margin  52% HP · 3.5/4 alive
       └ W:kill-all×2
e4   L3   easy       ranged    100%    [ 80%, 95%] ⚠  31   margin  43% HP · 2.5/4 alive
       └ W:kill-all×2
e4   L3   easy       balanced  100%    [ 80%, 95%] ⚠  41   margin  35% HP · 2.5/4 alive
       └ W:kill-all×2
     mean 100%  [ 80%, 95%] ⚠
e4   L3   medium     melee     100%    [ 65%, 80%] ⚠  36   margin  43% HP · 3.5/4 alive
       └ W:kill-all×2
e4   L3   medium     ranged    100%    [ 65%, 80%] ⚠  24   margin  41% HP · 3.0/4 alive
       └ W:kill-all×2
e4   L3   medium     balanced  100%    [ 65%, 80%] ⚠  39   margin  40% HP · 3.0/4 alive
       └ W:kill-all×2
     mean 100%  [ 65%, 80%] ⚠
e4   L3   hard       melee       0%    [ 45%, 65%] ⚠  38
       └ L:kill-all×2
e4   L3   hard       ranged     50%    [ 45%, 65%]    33   margin  25% HP · 3.0/4 alive
       └ W:kill-all×1  L:kill-all×1
e4   L3   hard       balanced  100%    [ 45%, 65%] ⚠  51   margin  22% HP · 2.0/4 alive
       └ W:kill-all×2
     mean  50%  [ 45%, 65%] ✓  ⚠ WALL below floor( 10%): melee
e4   L3   nightmare  melee      50%    [ 15%, 45%] ⚠  40   margin  12% HP · 1.0/4 alive
       └ L:kill-all×1  W:kill-all×1
e4   L3   nightmare  ranged      0%    [ 15%, 45%] ⚠  34
       └ L:kill-all×2
e4   L3   nightmare  balanced  100%    [ 15%, 45%] ⚠  45   margin  30% HP · 2.5/4 alive
       └ W:kill-all×2
     mean  50%  [ 15%, 45%] ⚠

e5   L4   easy       melee     100%    [ 80%, 95%] ⚠  43   margin  17% HP · 2.0/4 alive
       └ W:You survived 7 rounds×2
e5   L4   easy       ranged    100%    [ 80%, 95%] ⚠  33   margin  34% HP · 2.0/4 alive
       └ W:Every enemy has fallen×1  W:You survived 7 rounds×1
e5   L4   easy       balanced  100%    [ 80%, 95%] ⚠  45   margin  24% HP · 3.0/4 alive
       └ W:You survived 7 rounds×2
     mean 100%  [ 80%, 95%] ⚠
e5   L4   medium     melee     100%    [ 65%, 80%] ⚠  50   margin  13% HP · 1.5/4 alive
       └ W:You survived 8 rounds×2
e5   L4   medium     ranged    100%    [ 65%, 80%] ⚠  40   margin  17% HP · 2.0/4 alive
       └ W:You survived 8 rounds×2
e5   L4   medium     balanced    0%    [ 65%, 80%] ⚠  49
       └ L:Your party has fallen×2
     mean  67%  [ 65%, 80%] ✓  ⚠ WALL below floor( 35%): balanced
e5   L4   hard       melee     100%    [ 45%, 65%] ⚠  50   margin  13% HP · 1.5/4 alive
       └ W:You survived 8 rounds×2
e5   L4   hard       ranged     50%    [ 45%, 65%]    40   margin   8% HP · 1.0/4 alive
       └ L:Your party has fallen×1  W:You survived 8 rounds×1
e5   L4   hard       balanced   50%    [ 45%, 65%]    48   margin  18% HP · 1.0/4 alive
       └ L:Your party has fallen×1  W:You survived 8 rounds×1
     mean  67%  [ 45%, 65%] ⚠
e5   L4   nightmare  melee       0%    [ 15%, 45%] ⚠  52
       └ L:Your party has fallen×2
e5   L4   nightmare  ranged      0%    [ 15%, 45%] ⚠  40
       └ L:Your party has fallen×2
e5   L4   nightmare  balanced    0%    [ 15%, 45%] ⚠  47
       └ L:Your party has fallen×2
     mean   0%  [ 15%, 45%] ⚠  ⚠ UNSOLVABLE: best party   0% <  40%

e6   L5   easy       melee     100%    [ 80%, 95%] ⚠  34   margin  20% HP · 1.5/4 alive
       └ W:The target is destroyed×2
e6   L5   easy       ranged    100%    [ 80%, 95%] ⚠  19   margin  34% HP · 3.0/4 alive
       └ W:The target is destroyed×2
e6   L5   easy       balanced  100%    [ 80%, 95%] ⚠  32   margin  14% HP · 1.0/4 alive
       └ W:The target is destroyed×2
     mean 100%  [ 80%, 95%] ⚠
e6   L5   medium     melee       0%    [ 65%, 80%] ⚠  38
       └ L:Your party has fallen×2
e6   L5   medium     ranged    100%    [ 65%, 80%] ⚠  23   margin  35% HP · 3.0/4 alive
       └ W:The target is destroyed×2
e6   L5   medium     balanced   50%    [ 65%, 80%] ⚠  34   margin  26% HP · 2.0/4 alive
       └ W:The target is destroyed×1  L:Your party has fallen×1
     mean  50%  [ 65%, 80%] ⚠  ⚠ WALL below floor( 35%): melee
e6   L5   hard       melee       0%    [ 45%, 65%] ⚠  31
       └ L:Your party has fallen×2
e6   L5   hard       ranged     50%    [ 45%, 65%]    27   margin  11% HP · 1.0/4 alive
       └ W:The target is destroyed×1  L:Your party has fallen×1
e6   L5   hard       balanced   50%    [ 45%, 65%]    37   margin  18% HP · 2.0/4 alive
       └ W:The target is destroyed×1  L:Your party has fallen×1
     mean  33%  [ 45%, 65%] ⚠  ⚠ WALL below floor( 10%): melee
e6   L5   nightmare  melee       0%    [ 15%, 45%] ⚠  25
       └ L:Your party has fallen×2
e6   L5   nightmare  ranged      0%    [ 15%, 45%] ⚠  30
       └ L:Your party has fallen×2
e6   L5   nightmare  balanced  100%    [ 15%, 45%] ⚠  48   margin   4% HP · 1.5/4 alive
       └ W:The target is destroyed×2
     mean  33%  [ 15%, 45%] ✓

e7   L6   easy       melee     100%    [ 80%, 95%] ⚠  22   margin  44% HP · 3.5/4 alive
       └ W:Every enemy has fallen×2
e7   L6   easy       ranged     50%    [ 80%, 95%] ⚠  21   margin  65% HP · 3.0/4 alive
       └ W:The whole party escaped×1  L:Your hero has fallen×1
e7   L6   easy       balanced    0%    [ 80%, 95%] ⚠  15
       └ L:Your hero has fallen×2
     mean  50%  [ 80%, 95%] ⚠  ⚠ WALL below floor( 60%): ranged,balanced
e7   L6   medium     melee      50%    [ 65%, 80%] ⚠  24   margin  16% HP · 2.0/4 alive
       └ L:Your hero has fallen×1  W:The whole party escaped×1
e7   L6   medium     ranged     50%    [ 65%, 80%] ⚠  19   margin  55% HP · 3.0/4 alive
       └ W:The whole party escaped×1  L:Your hero has fallen×1
e7   L6   medium     balanced   50%    [ 65%, 80%] ⚠  23   margin  51% HP · 3.0/4 alive
       └ W:The whole party escaped×1  L:Your hero has fallen×1
     mean  50%  [ 65%, 80%] ⚠
e7   L6   hard       melee       0%    [ 45%, 65%] ⚠  16
       └ L:Your hero has fallen×2
e7   L6   hard       ranged      0%    [ 45%, 65%] ⚠  13
       └ L:Your hero has fallen×2
e7   L6   hard       balanced  100%    [ 45%, 65%] ⚠  21   margin  42% HP · 2.5/4 alive
       └ W:The whole party escaped×2
     mean  33%  [ 45%, 65%] ⚠  ⚠ WALL below floor( 10%): melee,ranged
e7   L6   nightmare  melee      50%    [ 15%, 45%] ⚠  21   margin  16% HP · 1.0/4 alive
       └ W:The whole party escaped×1  L:Your hero has fallen×1
e7   L6   nightmare  ranged      0%    [ 15%, 45%] ⚠  15
       └ L:Your hero has fallen×2
e7   L6   nightmare  balanced   50%    [ 15%, 45%] ⚠  27   margin  27% HP · 2.0/4 alive
       └ L:Your hero has fallen×1  W:The whole party escaped×1
     mean  33%  [ 15%, 45%] ✓

e8   L7   easy       melee      50%    [ 80%, 95%] ⚠  40   margin  72% HP · 5.0/4 alive
       └ W:Every enemy has fallen×1  L:Your charge has fallen×1
e8   L7   easy       ranged     50%    [ 80%, 95%] ⚠  36   margin  62% HP · 4.0/4 alive
       └ L:Your party has fallen×1  W:Every enemy has fallen×1
e8   L7   easy       balanced  100%    [ 80%, 95%] ⚠  50   margin  53% HP · 3.5/4 alive
       └ W:The escort made it through×1  W:Every enemy has fallen×1
     mean  67%  [ 80%, 95%] ⚠  ⚠ WALL below floor( 60%): melee,ranged
e8   L7   medium     melee      50%    [ 65%, 80%] ⚠  40   margin  46% HP · 4.0/4 alive
       └ L:Your charge has fallen×1  W:Every enemy has fallen×1
e8   L7   medium     ranged    100%    [ 65%, 80%] ⚠  38   margin  62% HP · 4.0/4 alive
       └ W:Every enemy has fallen×2
e8   L7   medium     balanced  100%    [ 65%, 80%] ⚠  63   margin  37% HP · 4.5/4 alive
       └ W:Every enemy has fallen×1  W:The escort made it through×1
     mean  83%  [ 65%, 80%] ⚠
e8   L7   hard       melee      50%    [ 45%, 65%]    46   margin  26% HP · 3.0/4 alive
       └ L:Your charge has fallen×1  W:The escort made it through×1
e8   L7   hard       ranged     50%    [ 45%, 65%]    40   margin  41% HP · 2.0/4 alive
       └ W:The escort made it through×1  L:Your party has fallen×1
e8   L7   hard       balanced  100%    [ 45%, 65%] ⚠  56   margin  50% HP · 4.5/4 alive
       └ W:The escort made it through×1  W:Every enemy has fallen×1
     mean  67%  [ 45%, 65%] ⚠
e8   L7   nightmare  melee       0%    [ 15%, 45%] ⚠  37
       └ L:Your charge has fallen×2
e8   L7   nightmare  ranged     50%    [ 15%, 45%] ⚠  42   margin  25% HP · 2.0/4 alive
       └ W:The escort made it through×1  L:Your party has fallen×1
e8   L7   nightmare  balanced  100%    [ 15%, 45%] ⚠  64   margin  38% HP · 4.5/4 alive
       └ W:The escort made it through×1  W:Every enemy has fallen×1
     mean  50%  [ 15%, 45%] ⚠

e9   L8   easy       melee      50%    [ 80%, 95%] ⚠  47   margin  37% HP · 3.0/4 alive
       └ W:Every enemy has fallen×1  L:Your party has fallen×1
e9   L8   easy       ranged    100%    [ 80%, 95%] ⚠  37   margin  48% HP · 3.0/4 alive
       └ W:Every enemy has fallen×2
e9   L8   easy       balanced  100%    [ 80%, 95%] ⚠  51   margin  46% HP · 3.0/4 alive
       └ W:Every enemy has fallen×2
     mean  83%  [ 80%, 95%] ✓  ⚠ WALL below floor( 60%): melee
e9   L8   medium     melee       0%    [ 65%, 80%] ⚠  56
       └ L:Your party has fallen×2
e9   L8   medium     ranged    100%    [ 65%, 80%] ⚠  39   margin  49% HP · 3.0/4 alive
       └ W:Every enemy has fallen×2
e9   L8   medium     balanced    0%    [ 65%, 80%] ⚠  60
       └ L:Your party has fallen×2
     mean  33%  [ 65%, 80%] ⚠  ⚠ WALL below floor( 35%): melee,balanced
e9   L8   hard       melee      50%    [ 45%, 65%]    55   margin  35% HP · 3.0/4 alive
       └ L:Your party has fallen×1  W:Every enemy has fallen×1
e9   L8   hard       ranged    100%    [ 45%, 65%] ⚠  46   margin  40% HP · 3.0/4 alive
       └ W:Every enemy has fallen×2
e9   L8   hard       balanced  100%    [ 45%, 65%] ⚠  63   margin  13% HP · 1.5/4 alive
       └ W:Every enemy has fallen×2
     mean  83%  [ 45%, 65%] ⚠
e9   L8   nightmare  melee       0%    [ 15%, 45%] ⚠  59
       └ L:Your party has fallen×2
e9   L8   nightmare  ranged    100%    [ 15%, 45%] ⚠  46   margin  43% HP · 2.5/4 alive
       └ W:Every enemy has fallen×2
e9   L8   nightmare  balanced    0%    [ 15%, 45%] ⚠  58
       └ L:Your party has fallen×2
     mean  33%  [ 15%, 45%] ✓

e10  L9   easy       melee     100%    [ 80%, 95%] ⚠  45   margin  15% HP · 1.5/4 alive
       └ W:The target is destroyed×2
e10  L9   easy       ranged    100%    [ 80%, 95%] ⚠  30   margin  12% HP · 1.5/4 alive
       └ W:The target is destroyed×2
e10  L9   easy       balanced   50%    [ 80%, 95%] ⚠  50   margin   1% HP · 1.0/4 alive
       └ L:Your party has fallen×1  W:The target is destroyed×1
     mean  83%  [ 80%, 95%] ✓  ⚠ WALL below floor( 60%): balanced
e10  L9   medium     melee      50%    [ 65%, 80%] ⚠  41   margin  21% HP · 2.0/4 alive
       └ W:The target is destroyed×1  L:Your party has fallen×1
e10  L9   medium     ranged    100%    [ 65%, 80%] ⚠  25   margin  23% HP · 2.5/4 alive
       └ W:The target is destroyed×2
e10  L9   medium     balanced  100%    [ 65%, 80%] ⚠  48   margin  18% HP · 2.0/4 alive
       └ W:The target is destroyed×2
     mean  83%  [ 65%, 80%] ⚠
e10  L9   hard       melee       0%    [ 45%, 65%] ⚠  42
       └ L:Your party has fallen×2
e10  L9   hard       ranged    100%    [ 45%, 65%] ⚠  24   margin  29% HP · 2.5/4 alive
       └ W:The target is destroyed×2
e10  L9   hard       balanced   50%    [ 45%, 65%]    52   margin  35% HP · 2.0/4 alive
       └ L:Your party has fallen×1  W:The target is destroyed×1
     mean  50%  [ 45%, 65%] ✓  ⚠ WALL below floor( 10%): melee
e10  L9   nightmare  melee       0%    [ 15%, 45%] ⚠  42
       └ L:Your party has fallen×2
e10  L9   nightmare  ranged      0%    [ 15%, 45%] ⚠  35
       └ L:Your party has fallen×2
e10  L9   nightmare  balanced   50%    [ 15%, 45%] ⚠  53   margin   1% HP · 1.0/4 alive
       └ L:Your party has fallen×1  W:The target is destroyed×1
     mean  17%  [ 15%, 45%] ✓

e11  L10   easy       melee     100%    [ 80%, 95%] ⚠  31   margin  63% HP · 4.0/4 alive
       └ W:Every mark is held×2
e11  L10   easy       ranged     50%    [ 80%, 95%] ⚠  30   margin  26% HP · 2.0/4 alive
       └ W:Every enemy has fallen×1  L:Your party has fallen×1
e11  L10   easy       balanced  100%    [ 80%, 95%] ⚠  35   margin  74% HP · 4.0/4 alive
       └ W:Every mark is held×2
     mean  83%  [ 80%, 95%] ✓  ⚠ WALL below floor( 60%): ranged
e11  L10   medium     melee     100%    [ 65%, 80%] ⚠  32   margin  65% HP · 4.0/4 alive
       └ W:Every mark is held×2
e11  L10   medium     ranged     50%    [ 65%, 80%] ⚠  29   margin  53% HP · 3.0/4 alive
       └ L:Your party has fallen×1  W:Every enemy has fallen×1
e11  L10   medium     balanced  100%    [ 65%, 80%] ⚠  28   margin  67% HP · 3.5/4 alive
       └ W:Every mark is held×2
     mean  83%  [ 65%, 80%] ⚠
e11  L10   hard       melee     100%    [ 45%, 65%] ⚠  52   margin  43% HP · 3.0/4 alive
       └ W:Every enemy has fallen×1  W:Every mark is held×1
e11  L10   hard       ranged      0%    [ 45%, 65%] ⚠  29
       └ L:Your party has fallen×2
e11  L10   hard       balanced  100%    [ 45%, 65%] ⚠  44   margin  45% HP · 2.5/4 alive
       └ W:Every enemy has fallen×1  W:Every mark is held×1
     mean  67%  [ 45%, 65%] ⚠  ⚠ WALL below floor( 10%): ranged
e11  L10   nightmare  melee     100%    [ 15%, 45%] ⚠  62   margin  37% HP · 3.0/4 alive
       └ W:Every enemy has fallen×1  W:Every mark is held×1
e11  L10   nightmare  ranged      0%    [ 15%, 45%] ⚠  33
       └ L:Your party has fallen×2
e11  L10   nightmare  balanced  100%    [ 15%, 45%] ⚠  51   margin  41% HP · 3.0/4 alive
       └ W:Every mark is held×2
     mean  67%  [ 15%, 45%] ⚠

e12  L10   easy       melee       0%    [ 80%, 95%] ⚠  73
       └ L:Your party has fallen×2
e12  L10   easy       ranged      0%    [ 80%, 95%] ⚠  60
       └ L:Your party has fallen×2
e12  L10   easy       balanced  100%    [ 80%, 95%] ⚠  70   margin  31% HP · 2.5/4 alive
       └ W:The target is destroyed×2
     mean  33%  [ 80%, 95%] ⚠  ⚠ WALL below floor( 60%): melee,ranged
e12  L10   medium     melee      50%    [ 65%, 80%] ⚠  79   margin  12% HP · 1.0/4 alive
       └ L:Your party has fallen×1  W:The target is destroyed×1
e12  L10   medium     ranged     50%    [ 65%, 80%] ⚠  62   margin  20% HP · 2.0/4 alive
       └ L:Your party has fallen×1  W:The target is destroyed×1
e12  L10   medium     balanced  100%    [ 65%, 80%] ⚠  74   margin  46% HP · 3.0/4 alive
       └ W:The target is destroyed×2
     mean  67%  [ 65%, 80%] ✓
e12  L10   hard       melee      50%    [ 45%, 65%]    86   margin  20% HP · 1.0/4 alive
       └ L:Your party has fallen×1  W:The target is destroyed×1
e12  L10   hard       ranged     50%    [ 45%, 65%]    61   margin  25% HP · 2.0/4 alive
       └ L:Your party has fallen×1  W:The target is destroyed×1
e12  L10   hard       balanced  100%    [ 45%, 65%] ⚠  78   margin  11% HP · 1.5/4 alive
       └ W:The target is destroyed×2
     mean  67%  [ 45%, 65%] ⚠
e12  L10   nightmare  melee       0%    [ 15%, 45%] ⚠  69
       └ L:Your party has fallen×2
e12  L10   nightmare  ranged     50%    [ 15%, 45%] ⚠  65   margin  11% HP · 1.0/4 alive
       └ L:Your party has fallen×1  W:The target is destroyed×1
e12  L10   nightmare  balanced  100%    [ 15%, 45%] ⚠  75   margin  28% HP · 2.0/4 alive
       └ W:The target is destroyed×2
     mean  50%  [ 15%, 45%] ⚠

SMOKE: PASS — content plays clean. Full battery unlocked for this content.
