Tuning The Unlit Beacon — 60 games/party/step, 6 steps

e1   easy       0.85 -> 1.09  mean  89% [ 80%, 95%]    m: 90% r: 93% b: 85%
e1   medium     0.98 -> 1.28  mean  69% [ 65%, 80%]    m: 67% r: 73% b: 67%
e1   hard       1.15 -> 1.31  mean  57% [ 45%, 65%]    m: 62% r: 65% b: 45%
e1   nightmare  1.32 -> 1.39  mean  35% [ 25%, 45%]    m: 40% r: 37% b: 28%

e2   easy       0.90 -> 0.87  mean  95% [ 80%, 95%]    m: 98% r: 93% b: 93%
e2   medium     1.12 -> 1.02  mean  73% [ 65%, 80%]    m: 80% r: 70% b: 68%
e2   hard       1.22 -> 1.09  mean  54% [ 45%, 65%]    m: 63% r: 47% b: 53%
e2   nightmare  1.32 -> 1.17  mean  33% [ 25%, 45%]    m: 47% r: 17% b: 37%

e3   easy       0.50 -> 0.51  mean  84% [ 80%, 95%]    m: 90% r: 90% b: 73%
e3   medium     0.65 -> 0.58  mean  73% [ 65%, 80%]    m: 68% r: 80% b: 72%
e3   hard       0.75 -> 0.62  mean  64% [ 45%, 65%]    m: 67% r: 67% b: 58%
e3   nightmare  0.85 -> 0.73  mean  36% [ 25%, 45%]    m: 25% r: 38% b: 43%

e4   easy       0.78 -> 1.06  mean  88% [ 80%, 95%]    m: 98% r: 90% b: 77%
e4   medium     0.90 -> 1.13  mean  70% [ 65%, 80%]    m: 57% r: 88% b: 65%
e4   hard       1.02 -> 1.17  mean  49% [ 45%, 65%]    m: 55% r: 55% b: 37%
e4   nightmare  1.15 -> 1.28  mean  30% [ 25%, 45%]    m: 42% r: 20% b: 28%

e5   easy       0.85 -> 0.91  mean  94% [ 80%, 95%]    m: 95% r: 93% b: 93%
e5   medium     0.98 -> 0.95  mean  74% [ 65%, 80%]    m: 92% r: 52% b: 78%
e5   hard       1.10 -> 1.13  mean  51% [ 45%, 65%]    m: 43% r: 40% b: 68%
e5   nightmare  1.22 -> 1.20  mean  35% [ 25%, 45%]    m: 42% r: 22% b: 42%

e6   easy       1.10 -> 2.56  mean  96% [ 80%, 95%] ⚠  m:100% r: 95% b: 92%
e6   medium     1.30 -> 2.56  mean  92% [ 65%, 80%] ⚠  m:100% r: 88% b: 88%
e6   hard       1.45 -> 0.54  mean  50% [ 45%, 65%]    m: 63% r: 37% b: 50%
e6   nightmare  1.70 -> 1.13  mean  37% [ 25%, 45%]    m: 53% r: 30% b: 28%

e7   easy       0.92 -> 0.87  mean  90% [ 80%, 95%]    m: 80% r:100% b: 90%
e7   medium     1.00 -> 0.84  mean  76% [ 65%, 80%]    m: 80% r: 98% b: 50%
e7   hard       1.15 -> 1.13  mean  53% [ 45%, 65%]    m: 70% r: 62% b: 28%
e7   nightmare  1.30 -> 1.20  mean  34% [ 25%, 45%]    m: 60% r: 15% b: 27%

e8   easy       0.87 -> 0.65  mean  86% [ 80%, 95%]    m: 57% r:100% b:100%  ⚠ below floor: melee
e8   medium     0.98 -> 0.84  mean  72% [ 65%, 80%]    m: 40% r: 93% b: 83%
e8   hard       0.98 -> 0.84  mean  53% [ 45%, 65%]    m: 13% r: 87% b: 60%  ⚠ below floor: melee
e8   nightmare  1.00 -> 0.84  mean  34% [ 25%, 45%]    m:  3% r: 65% b: 33%

e9   easy       1.45 -> 2.53  mean  89% [ 80%, 95%]    m: 80% r: 88% b:100%
e9   medium     1.55 -> 1.72  mean  62% [ 65%, 80%] ⚠  m: 68% r: 30% b: 88%  ⚠ below floor: ranged
e9   hard       1.70 -> 1.20  mean  55% [ 45%, 65%]    m: 47% r: 35% b: 83%
e9   nightmare  2.20 -> 1.50  mean  34% [ 25%, 45%]    m: 38% r:  8% b: 55%

e10  easy       1.35 -> 1.50  mean  84% [ 80%, 95%]    m: 80% r: 97% b: 75%
e10  medium     1.50 -> 1.79  mean  72% [ 65%, 80%]    m: 87% r: 77% b: 52%
e10  hard       1.75 -> 1.90  mean  57% [ 45%, 65%]    m: 82% r: 53% b: 35%
e10  nightmare  1.88 -> 2.20  mean  29% [ 25%, 45%]    m: 40% r: 25% b: 22%

e11  easy       2.60 -> 2.49  mean  87% [ 80%, 95%]    m: 78% r: 82% b:100%
e11  medium     2.90 -> 2.53  mean  79% [ 65%, 80%]    m: 68% r: 68% b:100%
e11  hard       3.20 -> 2.56  mean  82% [ 45%, 65%] ⚠  m: 68% r: 77% b:100%
e11  nightmare  3.50 -> 2.56  mean  57% [ 25%, 45%] ⚠  m: 40% r: 32% b:100%

e12  easy       2.05 -> 1.72  mean  88% [ 80%, 95%]    m: 85% r: 80% b:100%
e12  medium     2.45 -> 2.01  mean  74% [ 65%, 80%]    m: 73% r: 50% b:100%
e12  hard       2.75 -> 2.49  mean  53% [ 45%, 65%]    m: 47% r: 12% b:100%  ⚠ below floor: ranged
e12  nightmare  3.00 -> 2.56  mean  45% [ 25%, 45%]    m: 40% r:  3% b: 92%


─── paste-ready hpScaleOverride blocks ───
e1:  hpScaleOverride: { easy: 1.09, medium: 1.28, hard: 1.31, nightmare: 1.39 },
e2:  hpScaleOverride: { easy: 0.87, medium: 1.02, hard: 1.09, nightmare: 1.17 },
e3:  hpScaleOverride: { easy: 0.51, medium: 0.58, hard: 0.62, nightmare: 0.73 },
e4:  hpScaleOverride: { easy: 1.06, medium: 1.13, hard: 1.17, nightmare: 1.28 },
e5:  hpScaleOverride: { easy: 0.91, medium: 0.95, hard: 1.13, nightmare: 1.20 },
e6:  hpScaleOverride: { easy: 2.56, medium: 2.56, hard: 0.54, nightmare: 1.13 },
e7:  hpScaleOverride: { easy: 0.87, medium: 0.84, hard: 1.13, nightmare: 1.20 },
e8:  hpScaleOverride: { easy: 0.65, medium: 0.84, hard: 0.84, nightmare: 0.84 },
e9:  hpScaleOverride: { easy: 2.53, medium: 1.72, hard: 1.20, nightmare: 1.50 },
e10:  hpScaleOverride: { easy: 1.50, medium: 1.79, hard: 1.90, nightmare: 2.20 },
e11:  hpScaleOverride: { easy: 2.49, medium: 2.53, hard: 2.56, nightmare: 2.56 },
e12:  hpScaleOverride: { easy: 1.72, medium: 2.01, hard: 2.49, nightmare: 2.56 },
TUNE-DONE
